ASxxxx Linker V03.00 + NoICE + sdld,  page 1.
Hexadecimal  [32-Bits]

Area                                    Addr        Size        Decimal Bytes (Attributes)
--------------------------------        ----        ----        ------- ----- ------------
.  .ABS.                            00000000    00000000 =           0. bytes (ABS,CON)

      Value  Global                              Global Defined In Module
      -----  --------------------------------   ------------------------
     FFFFFFFF  s_SSEG                          
     00000000  .__.ABS.                           
     00000000  l_CABS                          
     00000000  l_DABS                          
     00000000  l__CODE                         
     00000000  s_CABS                          
     00000000  s_DABS                          
     00000000  s__CODE                         
     00000001  l_SSEG                          
     00000001  s_DATA                          
     00000003  l_GSFINAL                       
     0000000C  l_CONST                         
     0000001E  l_GSINIT                        
     0000005E  l_DATA                          
     0000005F  s_INITIALIZED                   
     00000063  l_HOME                          
     00000224  l_INITIALIZED                   
     00000224  l_INITIALIZER                   
     0000592D  l_CODE                          
     00008000  s_HOME                          
     00008063  s_GSINIT                        
     00008081  s_GSFINAL                       
     00008084  s_CONST                         
     00008090  s_INITIALIZER                   
     000082B4  s_CODE                          

ASxxxx Linker V03.00 + NoICE + sdld,  page 2.
Hexadecimal  [32-Bits]

Area                                    Addr        Size        Decimal Bytes (Attributes)
--------------------------------        ----        ----        ------- ----- ------------
DATA                                00000001    0000005E =          94. bytes (REL,CON)

      Value  Global                              Global Defined In Module
      -----  --------------------------------   ------------------------
     00000001  G$ui16_value$0_0$0                 motor
     00000001  _ui16_value                        motor
     00000003  Lmotor.TIM1_CAP_COM_IRQHandler$u   motor
     00000004  Lmotor.TIM1_CAP_COM_IRQHandler$v   motor
     00000005  G$ui8_rx_buffer$0_0$0              ebike_app
     00000005  _ui8_rx_buffer                     ebike_app
     0000000C  G$ui8_tx_buffer$0_0$0              ebike_app
     0000000C  _ui8_tx_buffer                     ebike_app
     00000015  G$configuration_variables$0_0$0    ebike_app
     00000015  _configuration_variables           ebike_app
     00000055  Lebike_app.ebike_control_motor$u   ebike_app
     00000059  Lebike_app.uart_send_package$ui8   ebike_app
     0000005A  Lebike_app.check_system$ui8_moto   ebike_app
     0000005B  Lebike_app.check_system$ui8_moto   ebike_app
     0000005C  Leeprom.eeprom_read_values_to_va   eeprom
     0000005D  Leeprom.eeprom_read_values_to_va   eeprom

ASxxxx Linker V03.00 + NoICE + sdld,  page 3.
Hexadecimal  [32-Bits]

Area                                    Addr        Size        Decimal Bytes (Attributes)
--------------------------------        ----        ----        ------- ----- ------------
INITIALIZED                         0000005F    00000224 =         548. bytes (REL,CON)

      Value  Global                              Global Defined In Module
      -----  --------------------------------   ------------------------
     0000005F  G$ui8_svm_table$0_0$0              motor
     0000005F  _ui8_svm_table                     motor
     0000015F  G$ui8_sin_table$0_0$0              motor
     0000015F  _ui8_sin_table                     motor
     0000019B  G$ui16_PWM_cycles_counter$0_0$0    motor
     0000019B  _ui16_PWM_cycles_counter           motor
     0000019D  G$ui16_PWM_cycles_counter_6$0_0$   motor
     0000019D  _ui16_PWM_cycles_counter_6         motor
     0000019F  G$ui16_PWM_cycles_counter_total$   motor
     0000019F  _ui16_PWM_cycles_counter_total     motor
     000001A1  G$ui16_max_motor_speed_erps$0_0$   motor
     000001A1  _ui16_max_motor_speed_erps         motor
     000001A3  Fmotor$ui16_motor_speed_erps$0_0   motor
     000001A5  G$ui8_svm_table_index$0_0$0        motor
     000001A5  _ui8_svm_table_index               motor
     000001A6  G$ui8_motor_rotor_absolute_angle   motor
     000001A6  _ui8_motor_rotor_absolute_angle    motor
     000001A7  G$ui8_motor_rotor_angle$0_0$0      motor
     000001A7  _ui8_motor_rotor_angle             motor
     000001A8  G$ui8_foc_angle$0_0$0              motor
     000001A8  _ui8_foc_angle                     motor
     000001A9  G$ui8_interpolation_angle$0_0$0    motor
     000001A9  _ui8_interpolation_angle           motor
     000001AA  G$ui16_foc_angle_accumulated$0_0   motor
     000001AA  _ui16_foc_angle_accumulated        motor
     000001AC  G$ui8_motor_commutation_type$0_0   motor
     000001AC  _ui8_motor_commutation_type        motor
     000001AD  G$ui8_motor_controller_state$0_0   motor
     000001AD  _ui8_motor_controller_state        motor
     000001AE  G$ui8_hall_sensors_state$0_0$0     motor
     000001AE  _ui8_hall_sensors_state            motor
     000001AF  G$ui8_hall_sensors_state_last$0_   motor
     000001AF  _ui8_hall_sensors_state_last       motor
     000001B0  G$ui8_half_erps_flag$0_0$0         motor
     000001B0  _ui8_half_erps_flag                motor
     000001B1  G$ui8_duty_cycle$0_0$0             motor
     000001B1  _ui8_duty_cycle                    motor
     000001B2  Fmotor$ui8_duty_cycle_target$0_0   motor
     000001B3  G$ui16_duty_cycle_ramp_up_invers   motor
     000001B3  _ui16_duty_cycle_ramp_up_inverse   motor
     000001B5  G$ui16_duty_cycle_ramp_down_inve   motor
     000001B5  _ui16_duty_cycle_ramp_down_inver   motor
     000001B7  G$ui16_counter_duty_cycle_ramp_u   motor
     000001B7  _ui16_counter_duty_cycle_ramp_up   motor
     000001B9  G$ui16_counter_duty_cycle_ramp_d   motor
     000001B9  _ui16_counter_duty_cycle_ramp_do   motor
     000001BB  G$ui8_phase_a_voltage$0_0$0        motor
     000001BB  _ui8_phase_a_voltage               motor
     000001BC  G$ui8_phase_b_voltage$0_0$0        motor
     000001BC  _ui8_phase_b_voltage               motor
ASxxxx Linker V03.00 + NoICE + sdld,  page 4.
Hexadecimal  [32-Bits]

Area                                    Addr        Size        Decimal Bytes (Attributes)
--------------------------------        ----        ----        ------- ----- ------------
INITIALIZED                         0000005F    00000224 =         548. bytes (REL,CON)

      Value  Global                              Global Defined In Module
      -----  --------------------------------   ------------------------
     000001BD  G$ui8_phase_c_voltage$0_0$0        motor
     000001BD  _ui8_phase_c_voltage               motor
     000001BE  G$ui16_counter_adc_battery_curre   motor
     000001BE  _ui16_counter_adc_battery_curren   motor
     000001C0  G$ui8_controller_adc_battery_max   motor
     000001C0  _ui8_controller_adc_battery_max_   motor
     000001C1  G$ui16_counter_adc_motor_current   motor
     000001C1  _ui16_counter_adc_motor_current_   motor
     000001C3  G$ui8_controller_adc_motor_max_c   motor
     000001C3  _ui8_controller_adc_motor_max_cu   motor
     000001C4  G$ui8_first_time_run_flag$0_0$0    motor
     000001C4  _ui8_first_time_run_flag           motor
     000001C5  G$ui8_adc_battery_voltage_cut_of   motor
     000001C5  _ui8_adc_battery_voltage_cut_off   motor
     000001C6  G$ui16_adc_battery_voltage_accum   motor
     000001C6  _ui16_adc_battery_voltage_accumu   motor
     000001C8  G$ui16_adc_battery_voltage_filte   motor
     000001C8  _ui16_adc_battery_voltage_filter   motor
     000001CA  G$ui16_adc_battery_current_accum   motor
     000001CA  _ui16_adc_battery_current_accumu   motor
     000001CC  G$ui8_adc_battery_current_filter   motor
     000001CC  _ui8_adc_battery_current_filtere   motor
     000001CD  G$ui16_adc_battery_current_10b$0   motor
     000001CD  _ui16_adc_battery_current_10b      motor
     000001CF  G$ui8_adc_battery_current$0_0$0    motor
     000001CF  _ui8_adc_battery_current           motor
     000001D0  Fmotor$ui8_adc_motor_phase_curre   motor
     000001D1  G$ui8_current_controller_counter   motor
     000001D1  _ui8_current_controller_counter    motor
     000001D2  G$ui8_current_controller_flag$0_   motor
     000001D2  _ui8_current_controller_flag       motor
     000001D3  G$ui8_adc_target_motor_phase_max   motor
     000001D3  _ui8_adc_target_motor_phase_max_   motor
     000001D4  G$ui8_adc_motor_phase_current_of   motor
     000001D4  _ui8_adc_motor_phase_current_off   motor
     000001D5  G$ui8_pas_state$0_0$0              motor
     000001D5  _ui8_pas_state                     motor
     000001D6  G$ui8_pas_state_old$0_0$0          motor
     000001D6  _ui8_pas_state_old                 motor
     000001D7  G$ui8_pas_after_first_pulse$0_0$   motor
     000001D7  _ui8_pas_after_first_pulse         motor
     000001D8  G$ui16_pas_counter$0_0$0           motor
     000001D8  _ui16_pas_counter                  motor
     000001DA  G$ui16_torque_sensor_throttle_pr   motor
     000001DA  _ui16_torque_sensor_throttle_pro   motor
     000001DC  G$ui8_torque_sensor_pas_signal_c   motor
     000001DC  _ui8_torque_sensor_pas_signal_ch   motor
     000001DD  G$ui16_torque_sensor_throttle_ma   motor
     000001DD  _ui16_torque_sensor_throttle_max   motor
     000001DF  G$ui16_torque_sensor_throttle_va   motor
     000001DF  _ui16_torque_sensor_throttle_val   motor
ASxxxx Linker V03.00 + NoICE + sdld,  page 5.
Hexadecimal  [32-Bits]

Area                                    Addr        Size        Decimal Bytes (Attributes)
--------------------------------        ----        ----        ------- ----- ------------
INITIALIZED                         0000005F    00000224 =         548. bytes (REL,CON)

      Value  Global                              Global Defined In Module
      -----  --------------------------------   ------------------------
     000001E1  G$ui8_wheel_speed_sensor_state$0   motor
     000001E1  _ui8_wheel_speed_sensor_state      motor
     000001E2  G$ui8_wheel_speed_sensor_state_o   motor
     000001E2  _ui8_wheel_speed_sensor_state_ol   motor
     000001E3  G$ui16_wheel_speed_sensor_counte   motor
     000001E3  _ui16_wheel_speed_sensor_counter   motor
     000001E5  G$ui8_wheel_speed_sensor_change_   motor
     000001E5  _ui8_wheel_speed_sensor_change_c   motor
     000001E6  G$ui8_throttle$0_0$0               ebike_app
     000001E6  _ui8_throttle                      ebike_app
     000001E7  G$ui8_torque_sensor$0_0$0          ebike_app
     000001E7  _ui8_torque_sensor                 ebike_app
     000001E8  G$ui8_torque_sensor_raw$0_0$0      ebike_app
     000001E8  _ui8_torque_sensor_raw             ebike_app
     000001E9  G$f_pedal_torque_sensor_unit$0_0   ebike_app
     000001E9  _f_pedal_torque_sensor_unit        ebike_app
     000001ED  G$ui8_adc_torque_sensor_min_valu   ebike_app
     000001ED  _ui8_adc_torque_sensor_min_value   ebike_app
     000001EE  G$ui8_adc_torque_sensor_max_valu   ebike_app
     000001EE  _ui8_adc_torque_sensor_max_value   ebike_app
     000001EF  G$ui8_adc_battery_current_offset   ebike_app
     000001EF  _ui8_adc_battery_current_offset    ebike_app
     000001F0  G$ui8_ebike_app_state$0_0$0        ebike_app
     000001F0  _ui8_ebike_app_state               ebike_app
     000001F1  G$ui8_adc_target_battery_max_cur   ebike_app
     000001F1  _ui8_adc_target_battery_max_curr   ebike_app
     000001F2  G$ui8_adc_target_motor_max_curre   ebike_app
     000001F2  _ui8_adc_target_motor_max_curren   ebike_app
     000001F3  G$ui8_adc_battery_current_max$0_   ebike_app
     000001F3  _ui8_adc_battery_current_max       ebike_app
     000001F4  G$ui8_adc_motor_current_max$0_0$   ebike_app
     000001F4  _ui8_adc_motor_current_max         ebike_app
     000001F5  G$f_torque_assist_ratio$0_0$0      ebike_app
     000001F5  _f_torque_assist_ratio             ebike_app
     000001F9  G$ui8_system_state$0_0$0           ebike_app
     000001F9  _ui8_system_state                  ebike_app
     000001FA  G$ui16_pas_pwm_cycles_ticks$0_0$   ebike_app
     000001FA  _ui16_pas_pwm_cycles_ticks         ebike_app
     000001FC  Febike_app$ui8_motor_enabled$0_0   ebike_app
     000001FD  G$ui8_pedaling_direction$0_0$0     ebike_app
     000001FD  _ui8_pedaling_direction            ebike_app
     000001FE  G$ui8_pas_direction$0_0$0          ebike_app
     000001FE  _ui8_pas_direction                 ebike_app
     000001FF  G$ui8_assist_level$0_0$0           ebike_app
     000001FF  _ui8_assist_level                  ebike_app
     00000200  G$ui8_pas_cadence_rpm$0_0$0        ebike_app
     00000200  _ui8_pas_cadence_rpm               ebike_app
     00000201  G$ui8_pas_backwards_cadence_rpm$   ebike_app
     00000201  _ui8_pas_backwards_cadence_rpm     ebike_app
     00000202  G$ui16_pedal_torque_x10$0_0$0      ebike_app
     00000202  _ui16_pedal_torque_x10             ebike_app
ASxxxx Linker V03.00 + NoICE + sdld,  page 6.
Hexadecimal  [32-Bits]

Area                                    Addr        Size        Decimal Bytes (Attributes)
--------------------------------        ----        ----        ------- ----- ------------
INITIALIZED                         0000005F    00000224 =         548. bytes (REL,CON)

      Value  Global                              Global Defined In Module
      -----  --------------------------------   ------------------------
     00000204  G$ui16_pedal_torque_x_cadence$0_   ebike_app
     00000204  _ui16_pedal_torque_x_cadence       ebike_app
     00000206  G$ui16_max_pedal_power_x_emtb_mo   ebike_app
     00000206  _ui16_max_pedal_power_x_emtb_mot   ebike_app
     00000208  G$ui8_startup_boost_enable$0_0$0   ebike_app
     00000208  _ui8_startup_boost_enable          ebike_app
     00000209  G$ui8_startup_boost_fade_enable$   ebike_app
     00000209  _ui8_startup_boost_fade_enable     ebike_app
     0000020A  G$ui8_startup_boost_state_machin   ebike_app
     0000020A  _ui8_startup_boost_state_machine   ebike_app
     0000020B  G$ui8_startup_boost_timer$0_0$0    ebike_app
     0000020B  _ui8_startup_boost_timer           ebike_app
     0000020C  G$ui8_startup_boost_fade_steps$0   ebike_app
     0000020C  _ui8_startup_boost_fade_steps      ebike_app
     0000020D  G$ui16_startup_boost_fade_variab   ebike_app
     0000020D  _ui16_startup_boost_fade_variabl   ebike_app
     0000020F  G$ui16_startup_boost_fade_variab   ebike_app
     0000020F  _ui16_startup_boost_fade_variabl   ebike_app
     00000211  G$ui16_wheel_speed_sensor_pwm_cy   ebike_app
     00000211  _ui16_wheel_speed_sensor_pwm_cyc   ebike_app
     00000213  G$f_wheel_speed_x10$0_0$0          ebike_app
     00000213  _f_wheel_speed_x10                 ebike_app
     00000217  Febike_app$ui16_wheel_speed_x10$   ebike_app
     00000219  G$ui32_wheel_speed_sensor_tick_c   ebike_app
     00000219  _ui32_wheel_speed_sensor_tick_co   ebike_app
     0000021D  G$f_oem_wheel_speed$0_0$0          ebike_app
     0000021D  _f_oem_wheel_speed                 ebike_app
     00000221  G$ui16_oem_wheel_speed$0_0$0       ebike_app
     00000221  _ui16_oem_wheel_speed              ebike_app
     00000223  G$ui8_received_package_flag$0_0$   ebike_app
     00000223  _ui8_received_package_flag         ebike_app
     00000224  G$ui8_rx_counter$0_0$0             ebike_app
     00000224  _ui8_rx_counter                    ebike_app
     00000225  G$ui8_tx_counter$0_0$0             ebike_app
     00000225  _ui8_tx_counter                    ebike_app
     00000226  G$ui8_byte_received$0_0$0          ebike_app
     00000226  _ui8_byte_received                 ebike_app
     00000227  G$ui8_state_machine$0_0$0          ebike_app
     00000227  _ui8_state_machine                 ebike_app
     00000228  G$ui8_tstr_state_machine$0_0$0     ebike_app
     00000228  _ui8_tstr_state_machine            ebike_app
     00000229  G$ui8_rtst_counter$0_0$0           ebike_app
     00000229  _ui8_rtst_counter                  ebike_app
     0000022A  G$ui16_adc_motor_temperatured_ac   ebike_app
     0000022A  _ui16_adc_motor_temperatured_acc   ebike_app
     0000022C  G$ui8_overtemperature$0_0$0        ebike_app
     0000022C  _ui8_overtemperature               ebike_app
     0000022D  G$ui8_adc_battery_target_current   ebike_app
     0000022D  _ui8_adc_battery_target_current    ebike_app
     0000022E  G$ui8_adc_motor_target_current$0   ebike_app
     0000022E  _ui8_adc_motor_target_current      ebike_app
ASxxxx Linker V03.00 + NoICE + sdld,  page 7.
Hexadecimal  [32-Bits]

Area                                    Addr        Size        Decimal Bytes (Attributes)
--------------------------------        ----        ----        ------- ----- ------------
INITIALIZED                         0000005F    00000224 =         548. bytes (REL,CON)

      Value  Global                              Global Defined In Module
      -----  --------------------------------   ------------------------
     0000022F  Febike_app$ui8_brake_is_set$0_0$   ebike_app
     00000230  G$ui32_battery_voltage_accumulat   ebike_app
     00000230  _ui32_battery_voltage_accumulate   ebike_app
     00000234  G$ui16_battery_current_accumulat   ebike_app
     00000234  _ui16_battery_current_accumulate   ebike_app
     00000236  G$ui8_battery_state_of_charge$0_   ebike_app
     00000236  _ui8_battery_state_of_charge       ebike_app
     00000237  G$f_soft_start_factor$0_0$0        ebike_app
     00000237  _f_soft_start_factor               ebike_app
     0000023B  G$f_soft_start_factor_old$0_0$0    ebike_app
     0000023B  _f_soft_start_factor_old           ebike_app
     0000023F  G$ui16_soft_start_time$0_0$0       ebike_app
     0000023F  _ui16_soft_start_time              ebike_app
     00000241  G$ui8_timer_counter$0_0$0          ebike_app
     00000241  _ui8_timer_counter                 ebike_app
     00000242  G$ui8_startup_counter$0_0$0        ebike_app
     00000242  _ui8_startup_counter               ebike_app
     00000243  G$ui8_lights_counter$0_0$0         ebike_app
     00000243  _ui8_lights_counter                ebike_app
     00000244  G$ui16_walk_assist_delay_off$0_0   ebike_app
     00000244  _ui16_walk_assist_delay_off        ebike_app
     00000246  G$ui8_walk_assist_delay_off_flag   ebike_app
     00000246  _ui8_walk_assist_delay_off_flag    ebike_app
     00000247  G$ui8_display_ready_flag$0_0$0     ebike_app
     00000247  _ui8_display_ready_flag            ebike_app
     00000248  G$ui8_enable_walk_assist$0_0$0     ebike_app
     00000248  _ui8_enable_walk_assist            ebike_app
     00000249  G$ui8_walk_assist_flag$0_0$0       ebike_app
     00000249  _ui8_walk_assist_flag              ebike_app
     0000024A  G$ui8_walk_assist$0_0$0            ebike_app
     0000024A  _ui8_walk_assist                   ebike_app
     0000024B  G$ui8_walk_assist_current_per_ce   ebike_app
     0000024B  _ui8_walk_assist_current_per_cen   ebike_app
     0000024C  G$ui8_walk_assist_start$0_0$0      ebike_app
     0000024C  _ui8_walk_assist_start             ebike_app
     0000024D  G$ui8_walk_assist_pwm$0_0$0        ebike_app
     0000024D  _ui8_walk_assist_pwm               ebike_app
     0000024E  G$ui8_walk_assist_pwm_step$0_0$0   ebike_app
     0000024E  _ui8_walk_assist_pwm_step          ebike_app
     0000024F  G$ui8_default_flag$0_0$0           ebike_app
     0000024F  _ui8_default_flag                  ebike_app
     00000250  G$ui8_lights_flag$0_0$0            ebike_app
     00000250  _ui8_lights_flag                   ebike_app
     00000251  G$ui8_mode_flag$0_0$0              ebike_app
     00000251  _ui8_mode_flag                     ebike_app
     00000252  G$ui8_boost_flag$0_0$0             ebike_app
     00000252  _ui8_boost_flag                    ebike_app
     00000253  G$ui8_emtb_flag$0_0$0              ebike_app
     00000253  _ui8_emtb_flag                     ebike_app
     00000254  Feeprom$array_default_values$0_0   eeprom

ASxxxx Linker V03.00 + NoICE + sdld,  page 8.
Hexadecimal  [32-Bits]

Area                                    Addr        Size        Decimal Bytes (Attributes)
--------------------------------        ----        ----        ------- ----- ------------
SSEG                                FFFFFFFF    00000001 =           1. bytes (REL,CON)

      Value  Global                              Global Defined In Module
      -----  --------------------------------   ------------------------
ASxxxx Linker V03.00 + NoICE + sdld,  page 9.
Hexadecimal  [32-Bits]

Area                                    Addr        Size        Decimal Bytes (Attributes)
--------------------------------        ----        ----        ------- ----- ------------
HOME                                00008000    00000063 =          99. bytes (REL,CON)

      Value  Global                              Global Defined In Module
      -----  --------------------------------   ------------------------
     00008000  A$main$64                          main
     00008004  A$main$65                          main
     00008008  A$main$66                          main
     0000800C  A$main$67                          main
     00008010  A$main$68                          main
     00008014  A$main$69                          main
     00008018  A$main$70                          main
     0000801C  A$main$71                          main
     00008020  A$main$72                          main
     00008024  A$main$73                          main
     00008028  A$main$74                          main
     0000802C  A$main$75                          main
     00008030  A$main$76                          main
     00008034  A$main$77                          main
     00008038  A$main$78                          main
     0000803C  A$main$79                          main
     00008040  A$main$80                          main
     00008044  A$main$81                          main
     00008048  A$main$82                          main
     0000804C  A$main$83                          main
     00008050  A$main$84                          main
     00008054  A$main$85                          main
     00008058  A$main$86                          main
     0000805C  A$main$87                          main
     00008060  A$main$122                         main

ASxxxx Linker V03.00 + NoICE + sdld,  page 10.
Hexadecimal  [32-Bits]

Area                                    Addr        Size        Decimal Bytes (Attributes)
--------------------------------        ----        ----        ------- ----- ------------
GSINIT                              00008063    0000001E =          30. bytes (REL,CON)

      Value  Global                              Global Defined In Module
      -----  --------------------------------   ------------------------
     00008063  A$main$98                          main
     00008066  A$main$99                          main
     00008068  A$main$101                         main
     0000806C  A$main$102                         main
     0000806D  A$main$103                         main
     0000806F  A$main$105                         main
     00008072  A$main$106                         main
     00008074  A$main$108                         main
     00008077  A$main$109                         main
     0000807A  A$main$110                         main
     0000807B  A$main$111                         main
     0000807D  A$ebike_app$374                    ebike_app
     0000807D  C$ebike_app.c$1350$2_0$508         ebike_app

ASxxxx Linker V03.00 + NoICE + sdld,  page 11.
Hexadecimal  [32-Bits]

Area                                    Addr        Size        Decimal Bytes (Attributes)
--------------------------------        ----        ----        ------- ----- ------------
GSFINAL                             00008081    00000003 =           3. bytes (REL,CON)

      Value  Global                              Global Defined In Module
      -----  --------------------------------   ------------------------
     00008081  A$main$115                         main

ASxxxx Linker V03.00 + NoICE + sdld,  page 12.
Hexadecimal  [32-Bits]

Area                                    Addr        Size        Decimal Bytes (Attributes)
--------------------------------        ----        ----        ------- ----- ------------
CONST                               00008084    0000000C =          12. bytes (REL,CON)

      Value  Global                              Global Defined In Module
      -----  --------------------------------   ------------------------
     00008084  G$HSIDivFactor$0_0$0               stm8s_clk
     00008084  _HSIDivFactor                      stm8s_clk
     00008088  G$CLKPrescTable$0_0$0              stm8s_clk
     00008088  _CLKPrescTable                     stm8s_clk

ASxxxx Linker V03.00 + NoICE + sdld,  page 13.
Hexadecimal  [32-Bits]

Area                                    Addr        Size        Decimal Bytes (Attributes)
--------------------------------        ----        ----        ------- ----- ------------
INITIALIZER                         00008090    00000224 =         548. bytes (REL,CON)

      Value  Global                              Global Defined In Module
      -----  --------------------------------   ------------------------
     00008090  Fmotor$__xinit_ui8_svm_table$0_0   motor
     00008190  Fmotor$__xinit_ui8_sin_table$0_0   motor
     000081CC  Fmotor$__xinit_ui16_PWM_cycles_c   motor
     000081CE  Fmotor$__xinit_ui16_PWM_cycles_c   motor
     000081D0  Fmotor$__xinit_ui16_PWM_cycles_c   motor
     000081D2  Fmotor$__xinit_ui16_max_motor_sp   motor
     000081D4  Fmotor$__xinit_ui16_motor_speed_   motor
     000081D6  Fmotor$__xinit_ui8_svm_table_ind   motor
     000081D7  Fmotor$__xinit_ui8_motor_rotor_a   motor
     000081D8  Fmotor$__xinit_ui8_motor_rotor_a   motor
     000081D9  Fmotor$__xinit_ui8_foc_angle$0_0   motor
     000081DA  Fmotor$__xinit_ui8_interpolation   motor
     000081DB  Fmotor$__xinit_ui16_foc_angle_ac   motor
     000081DD  Fmotor$__xinit_ui8_motor_commuta   motor
     000081DE  Fmotor$__xinit_ui8_motor_control   motor
     000081DF  Fmotor$__xinit_ui8_hall_sensors_   motor
     000081E0  Fmotor$__xinit_ui8_hall_sensors_   motor
     000081E1  Fmotor$__xinit_ui8_half_erps_fla   motor
     000081E2  Fmotor$__xinit_ui8_duty_cycle$0_   motor
     000081E3  Fmotor$__xinit_ui8_duty_cycle_ta   motor
     000081E4  Fmotor$__xinit_ui16_duty_cycle_r   motor
     000081E6  Fmotor$__xinit_ui16_duty_cycle_r   motor
     000081E8  Fmotor$__xinit_ui16_counter_duty   motor
     000081EA  Fmotor$__xinit_ui16_counter_duty   motor
     000081EC  Fmotor$__xinit_ui8_phase_a_volta   motor
     000081ED  Fmotor$__xinit_ui8_phase_b_volta   motor
     000081EE  Fmotor$__xinit_ui8_phase_c_volta   motor
     000081EF  Fmotor$__xinit_ui16_counter_adc_   motor
     000081F1  Fmotor$__xinit_ui8_controller_ad   motor
     000081F2  Fmotor$__xinit_ui16_counter_adc_   motor
     000081F4  Fmotor$__xinit_ui8_controller_ad   motor
     000081F5  Fmotor$__xinit_ui8_first_time_ru   motor
     000081F6  Fmotor$__xinit_ui8_adc_battery_v   motor
     000081F7  Fmotor$__xinit_ui16_adc_battery_   motor
     000081F9  Fmotor$__xinit_ui16_adc_battery_   motor
     000081FB  Fmotor$__xinit_ui16_adc_battery_   motor
     000081FD  Fmotor$__xinit_ui8_adc_battery_c   motor
     000081FE  Fmotor$__xinit_ui16_adc_battery_   motor
     00008200  Fmotor$__xinit_ui8_adc_battery_c   motor
     00008201  Fmotor$__xinit_ui8_adc_motor_pha   motor
     00008202  Fmotor$__xinit_ui8_current_contr   motor
     00008203  Fmotor$__xinit_ui8_current_contr   motor
     00008204  Fmotor$__xinit_ui8_adc_target_mo   motor
     00008205  Fmotor$__xinit_ui8_adc_motor_pha   motor
     00008206  Fmotor$__xinit_ui8_pas_state$0_0   motor
     00008207  Fmotor$__xinit_ui8_pas_state_old   motor
     00008208  Fmotor$__xinit_ui8_pas_after_fir   motor
     00008209  Fmotor$__xinit_ui16_pas_counter$   motor
     0000820B  Fmotor$__xinit_ui16_torque_senso   motor
     0000820D  Fmotor$__xinit_ui8_torque_sensor   motor
ASxxxx Linker V03.00 + NoICE + sdld,  page 14.
Hexadecimal  [32-Bits]

Area                                    Addr        Size        Decimal Bytes (Attributes)
--------------------------------        ----        ----        ------- ----- ------------
INITIALIZER                         00008090    00000224 =         548. bytes (REL,CON)

      Value  Global                              Global Defined In Module
      -----  --------------------------------   ------------------------
     0000820E  Fmotor$__xinit_ui16_torque_senso   motor
     00008210  Fmotor$__xinit_ui16_torque_senso   motor
     00008212  Fmotor$__xinit_ui8_wheel_speed_s   motor
     00008213  Fmotor$__xinit_ui8_wheel_speed_s   motor
     00008214  Fmotor$__xinit_ui16_wheel_speed_   motor
     00008216  Fmotor$__xinit_ui8_wheel_speed_s   motor
     00008217  Febike_app$__xinit_ui8_throttle$   ebike_app
     00008218  Febike_app$__xinit_ui8_torque_se   ebike_app
     00008219  Febike_app$__xinit_ui8_torque_se   ebike_app
     0000821A  Febike_app$__xinit_f_pedal_torqu   ebike_app
     0000821E  Febike_app$__xinit_ui8_adc_torqu   ebike_app
     0000821F  Febike_app$__xinit_ui8_adc_torqu   ebike_app
     00008220  Febike_app$__xinit_ui8_adc_batte   ebike_app
     00008221  Febike_app$__xinit_ui8_ebike_app   ebike_app
     00008222  Febike_app$__xinit_ui8_adc_targe   ebike_app
     00008223  Febike_app$__xinit_ui8_adc_targe   ebike_app
     00008224  Febike_app$__xinit_ui8_adc_batte   ebike_app
     00008225  Febike_app$__xinit_ui8_adc_motor   ebike_app
     00008226  Febike_app$__xinit_f_torque_assi   ebike_app
     0000822A  Febike_app$__xinit_ui8_system_st   ebike_app
     0000822B  Febike_app$__xinit_ui16_pas_pwm_   ebike_app
     0000822D  Febike_app$__xinit_ui8_motor_ena   ebike_app
     0000822E  Febike_app$__xinit_ui8_pedaling_   ebike_app
     0000822F  Febike_app$__xinit_ui8_pas_direc   ebike_app
     00008230  Febike_app$__xinit_ui8_assist_le   ebike_app
     00008231  Febike_app$__xinit_ui8_pas_caden   ebike_app
     00008232  Febike_app$__xinit_ui8_pas_backw   ebike_app
     00008233  Febike_app$__xinit_ui16_pedal_to   ebike_app
     00008235  Febike_app$__xinit_ui16_pedal_to   ebike_app
     00008237  Febike_app$__xinit_ui16_max_peda   ebike_app
     00008239  Febike_app$__xinit_ui8_startup_b   ebike_app
     0000823A  Febike_app$__xinit_ui8_startup_b   ebike_app
     0000823B  Febike_app$__xinit_ui8_startup_b   ebike_app
     0000823C  Febike_app$__xinit_ui8_startup_b   ebike_app
     0000823D  Febike_app$__xinit_ui8_startup_b   ebike_app
     0000823E  Febike_app$__xinit_ui16_startup_   ebike_app
     00008240  Febike_app$__xinit_ui16_startup_   ebike_app
     00008242  Febike_app$__xinit_ui16_wheel_sp   ebike_app
     00008244  Febike_app$__xinit_f_wheel_speed   ebike_app
     00008248  Febike_app$__xinit_ui16_wheel_sp   ebike_app
     0000824A  Febike_app$__xinit_ui32_wheel_sp   ebike_app
     0000824E  Febike_app$__xinit_f_oem_wheel_s   ebike_app
     00008252  Febike_app$__xinit_ui16_oem_whee   ebike_app
     00008254  Febike_app$__xinit_ui8_received_   ebike_app
     00008255  Febike_app$__xinit_ui8_rx_counte   ebike_app
     00008256  Febike_app$__xinit_ui8_tx_counte   ebike_app
     00008257  Febike_app$__xinit_ui8_byte_rece   ebike_app
     00008258  Febike_app$__xinit_ui8_state_mac   ebike_app
     00008259  Febike_app$__xinit_ui8_tstr_stat   ebike_app
     0000825A  Febike_app$__xinit_ui8_rtst_coun   ebike_app
     0000825B  Febike_app$__xinit_ui16_adc_moto   ebike_app
ASxxxx Linker V03.00 + NoICE + sdld,  page 15.
Hexadecimal  [32-Bits]

Area                                    Addr        Size        Decimal Bytes (Attributes)
--------------------------------        ----        ----        ------- ----- ------------
INITIALIZER                         00008090    00000224 =         548. bytes (REL,CON)

      Value  Global                              Global Defined In Module
      -----  --------------------------------   ------------------------
     0000825D  Febike_app$__xinit_ui8_overtempe   ebike_app
     0000825E  Febike_app$__xinit_ui8_adc_batte   ebike_app
     0000825F  Febike_app$__xinit_ui8_adc_motor   ebike_app
     00008260  Febike_app$__xinit_ui8_brake_is_   ebike_app
     00008261  Febike_app$__xinit_ui32_battery_   ebike_app
     00008265  Febike_app$__xinit_ui16_battery_   ebike_app
     00008267  Febike_app$__xinit_ui8_battery_s   ebike_app
     00008268  Febike_app$__xinit_f_soft_start_   ebike_app
     0000826C  Febike_app$__xinit_f_soft_start_   ebike_app
     00008270  Febike_app$__xinit_ui16_soft_sta   ebike_app
     00008272  Febike_app$__xinit_ui8_timer_cou   ebike_app
     00008273  Febike_app$__xinit_ui8_startup_c   ebike_app
     00008274  Febike_app$__xinit_ui8_lights_co   ebike_app
     00008275  Febike_app$__xinit_ui16_walk_ass   ebike_app
     00008277  Febike_app$__xinit_ui8_walk_assi   ebike_app
     00008278  Febike_app$__xinit_ui8_display_r   ebike_app
     00008279  Febike_app$__xinit_ui8_enable_wa   ebike_app
     0000827A  Febike_app$__xinit_ui8_walk_assi   ebike_app
     0000827B  Febike_app$__xinit_ui8_walk_assi   ebike_app
     0000827C  Febike_app$__xinit_ui8_walk_assi   ebike_app
     0000827D  Febike_app$__xinit_ui8_walk_assi   ebike_app
     0000827E  Febike_app$__xinit_ui8_walk_assi   ebike_app
     0000827F  Febike_app$__xinit_ui8_walk_assi   ebike_app
     00008280  Febike_app$__xinit_ui8_default_f   ebike_app
     00008281  Febike_app$__xinit_ui8_lights_fl   ebike_app
     00008282  Febike_app$__xinit_ui8_mode_flag   ebike_app
     00008283  Febike_app$__xinit_ui8_boost_fla   ebike_app
     00008284  Febike_app$__xinit_ui8_emtb_flag   ebike_app
     00008285  Feeprom$__xinit_array_default_va   eeprom

ASxxxx Linker V03.00 + NoICE + sdld,  page 16.
Hexadecimal  [32-Bits]

Area                                    Addr        Size        Decimal Bytes (Attributes)
--------------------------------        ----        ----        ------- ----- ------------
CODE                                000082B4    0000592D =       22829. bytes (REL,CON)

      Value  Global                              Global Defined In Module
      -----  --------------------------------   ------------------------
     000082B4  A$main$135                         main
     000082B4  C$main.c$66$0_0$403                main
     000082B4  G$main$0$0                         main
     000082B4  _main                              main
     000082B6  A$main$138                         main
     000082B6  C$main.c$69$2_0$403                main
     000082B7  A$main$139                         main
     000082B9  A$main$142                         main
     000082B9  C$main.c$70$2_0$403                main
     000082BA  A$main$143                         main
     000082BC  A$main$146                         main
     000082BC  C$main.c$77$1_0$403                main
     000082BE  A$main$147                         main
     000082C1  A$main$148                         main
     000082C2  A$main$151                         main
     000082C2  C$main.c$80$2_0$404                main
     000082C5  A$main$152                         main
     000082C7  A$main$153                         main
     000082CA  A$main$155                         main
     000082CC  A$main$156                         main
     000082D0  A$main$157                         main
     000082D2  A$main$158                         main
     000082D3  A$main$159                         main
     000082D5  A$main$160                         main
     000082D7  A$main$161                         main
     000082D8  A$main$162                         main
     000082DA  A$main$163                         main
     000082DC  A$main$164                         main
     000082DE  A$main$165                         main
     000082E0  A$main$166                         main
     000082E2  A$main$167                         main
     000082E4  A$main$168                         main
     000082E6  A$main$169                         main
     000082E8  A$main$170                         main
     000082EA  A$main$173                         main
     000082EA  C$main.c$88$1_0$403                main
     000082ED  A$main$176                         main
     000082ED  C$main.c$91$1_0$403                main
     000082F0  A$main$179                         main
     000082F0  C$main.c$94$1_0$403                main
     000082F3  A$main$182                         main
     000082F3  C$main.c$101$1_0$403               main
     000082F6  A$main$185                         main
     000082F6  C$main.c$104$1_0$403               main
     000082F9  A$main$188                         main
     000082F9  C$main.c$107$1_0$403               main
     000082FC  A$main$191                         main
     000082FC  C$main.c$110$1_0$403               main
     000082FF  A$main$194                         main
     000082FF  C$main.c$113$1_0$403               main
ASxxxx Linker V03.00 + NoICE + sdld,  page 17.
Hexadecimal  [32-Bits]

Area                                    Addr        Size        Decimal Bytes (Attributes)
--------------------------------        ----        ----        ------- ----- ------------
CODE                                000082B4    0000592D =       22829. bytes (REL,CON)

      Value  Global                              Global Defined In Module
      -----  --------------------------------   ------------------------
     00008302  A$main$197                         main
     00008302  C$main.c$116$1_0$403               main
     00008305  A$main$200                         main
     00008305  C$main.c$119$1_0$403               main
     00008308  A$main$203                         main
     00008308  C$main.c$122$1_0$403               main
     0000830B  A$main$206                         main
     0000830B  C$main.c$125$1_0$403               main
     0000830E  A$main$209                         main
     0000830E  C$main.c$128$1_0$403               main
     00008311  A$main$212                         main
     00008311  C$main.c$131$1_0$403               main
     00008314  A$main$215                         main
     00008314  C$main.c$134$1_0$403               main
     00008317  A$main$218                         main
     00008317  C$main.c$137$2_0$405               main
     00008318  A$main$222                         main
     00008318  C$main.c$144$3_0$407               main
     0000831B  A$main$223                         main
     0000831D  A$main$226                         main
     0000831D  C$main.c$145$3_0$407               main
     0000831F  A$main$227                         main
     00008322  A$main$228                         main
     00008325  A$main$229                         main
     00008327  A$main$232                         main
     00008327  C$main.c$147$4_0$408               main
     00008329  A$main$233                         main
     0000832B  A$main$236                         main
     0000832B  C$main.c$148$4_0$408               main
     0000832E  A$main$239                         main
     0000832E  C$main.c$149$4_0$408               main
     00008330  A$main$243                         main
     00008330  C$main.c$152$3_0$407               main
     00008333  A$main$244                         main
     00008334  A$main$247                         main
     00008334  C$main.c$153$3_0$407               main
     00008335  A$main$248                         main
     00008338  A$main$249                         main
     0000833B  A$main$250                         main
     0000833D  A$main$253                         main
     0000833D  C$main.c$155$4_0$409               main
     0000833F  A$main$256                         main
     0000833F  C$main.c$156$4_0$409               main
     00008342  A$main$259                         main
     00008342  C$main.c$157$4_0$409               main
     00008344  A$main$262                         main
     00008346  A$main$265                         main
     00008346  C$main.c$190$2_0$403               main
     00008346  XG$main$0$0                        main
     00008347  A$stm8s_iwdgSTM8S_StdPeriph_Lib/   stm8s_iwdg
     00008347  C$stm8s_iwdg.c$48$0_0$346          stm8s_iwdg
ASxxxx Linker V03.00 + NoICE + sdld,  page 18.
Hexadecimal  [32-Bits]

Area                                    Addr        Size        Decimal Bytes (Attributes)
--------------------------------        ----        ----        ------- ----- ------------
CODE                                000082B4    0000592D =       22829. bytes (REL,CON)

      Value  Global                              Global Defined In Module
      -----  --------------------------------   ------------------------
     00008347  C$stm8s_iwdg.c$53$1_0$346          stm8s_iwdg
     00008347  G$IWDG_WriteAccessCmd$0$0          stm8s_iwdg
     00008347  _IWDG_WriteAccessCmd               stm8s_iwdg
     0000834A  A$stm8s_iwdgSTM8S_StdPeriph_Lib/   stm8s_iwdg
     0000834C  A$stm8s_iwdgSTM8S_StdPeriph_Lib/   stm8s_iwdg
     0000834D  A$stm8s_iwdgSTM8S_StdPeriph_Lib/   stm8s_iwdg
     0000834D  C$stm8s_iwdg.c$54$1_0$346          stm8s_iwdg
     0000834D  XG$IWDG_WriteAccessCmd$0$0         stm8s_iwdg
     0000834E  A$stm8s_iwdgSTM8S_StdPeriph_Lib/   stm8s_iwdg
     0000834E  C$stm8s_iwdg.c$63$1_0$348          stm8s_iwdg
     0000834E  C$stm8s_iwdg.c$68$1_0$348          stm8s_iwdg
     0000834E  G$IWDG_SetPrescaler$0$0            stm8s_iwdg
     0000834E  _IWDG_SetPrescaler                 stm8s_iwdg
     00008351  A$stm8s_iwdgSTM8S_StdPeriph_Lib/   stm8s_iwdg
     00008353  A$stm8s_iwdgSTM8S_StdPeriph_Lib/   stm8s_iwdg
     00008354  A$stm8s_iwdgSTM8S_StdPeriph_Lib/   stm8s_iwdg
     00008354  C$stm8s_iwdg.c$69$1_0$348          stm8s_iwdg
     00008354  XG$IWDG_SetPrescaler$0$0           stm8s_iwdg
     00008355  A$stm8s_iwdgSTM8S_StdPeriph_Lib/   stm8s_iwdg
     00008355  C$stm8s_iwdg.c$78$1_0$350          stm8s_iwdg
     00008355  C$stm8s_iwdg.c$80$1_0$350          stm8s_iwdg
     00008355  G$IWDG_SetReload$0$0               stm8s_iwdg
     00008355  _IWDG_SetReload                    stm8s_iwdg
     00008358  A$stm8s_iwdgSTM8S_StdPeriph_Lib/   stm8s_iwdg
     0000835A  A$stm8s_iwdgSTM8S_StdPeriph_Lib/   stm8s_iwdg
     0000835B  A$stm8s_iwdgSTM8S_StdPeriph_Lib/   stm8s_iwdg
     0000835B  C$stm8s_iwdg.c$81$1_0$350          stm8s_iwdg
     0000835B  XG$IWDG_SetReload$0$0              stm8s_iwdg
     0000835C  A$stm8s_iwdgSTM8S_StdPeriph_Lib/   stm8s_iwdg
     0000835C  C$stm8s_iwdg.c$89$1_0$352          stm8s_iwdg
     0000835C  C$stm8s_iwdg.c$91$1_0$352          stm8s_iwdg
     0000835C  G$IWDG_ReloadCounter$0$0           stm8s_iwdg
     0000835C  _IWDG_ReloadCounter                stm8s_iwdg
     00008360  A$stm8s_iwdgSTM8S_StdPeriph_Lib/   stm8s_iwdg
     00008360  C$stm8s_iwdg.c$92$1_0$352          stm8s_iwdg
     00008360  XG$IWDG_ReloadCounter$0$0          stm8s_iwdg
     00008361  A$stm8s_iwdgSTM8S_StdPeriph_Lib/   stm8s_iwdg
     00008361  C$stm8s_iwdg.c$101$1_0$354         stm8s_iwdg
     00008361  C$stm8s_iwdg.c$99$1_0$354          stm8s_iwdg
     00008361  G$IWDG_Enable$0$0                  stm8s_iwdg
     00008361  _IWDG_Enable                       stm8s_iwdg
     00008365  A$stm8s_iwdgSTM8S_StdPeriph_Lib/   stm8s_iwdg
     00008365  C$stm8s_iwdg.c$102$1_0$354         stm8s_iwdg
     00008365  XG$IWDG_Enable$0$0                 stm8s_iwdg
     00008366  A$stm8s_itc/STM8S_StdPeriph_Lib/   stm8s_itc
     00008366  C$stm8s_itc.c$54$0_0$346           stm8s_itc
     00008366  C$stm8s_itc.c$63$1_0$346           stm8s_itc
     00008366  G$ITC_GetCPUCC$0$0                 stm8s_itc
     00008366  _ITC_GetCPUCC                      stm8s_itc
     00008367  A$stm8s_itc/STM8S_StdPeriph_Lib/   stm8s_itc
     00008367  C$stm8s_itc.c$64$1_0$346           stm8s_itc
ASxxxx Linker V03.00 + NoICE + sdld,  page 19.
Hexadecimal  [32-Bits]

Area                                    Addr        Size        Decimal Bytes (Attributes)
--------------------------------        ----        ----        ------- ----- ------------
CODE                                000082B4    0000592D =       22829. bytes (REL,CON)

      Value  Global                              Global Defined In Module
      -----  --------------------------------   ------------------------
     00008368  A$stm8s_itc/STM8S_StdPeriph_Lib/   stm8s_itc
     00008368  C$stm8s_itc.c$69$1_0$346           stm8s_itc
     00008368  XG$ITC_GetCPUCC$0$0                stm8s_itc
     00008369  A$stm8s_itc/STM8S_StdPeriph_Lib/   stm8s_itc
     00008369  C$stm8s_itc.c$90$1_0$348           stm8s_itc
     00008369  C$stm8s_itc.c$92$1_0$348           stm8s_itc
     00008369  G$ITC_DeInit$0$0                   stm8s_itc
     00008369  _ITC_DeInit                        stm8s_itc
     0000836D  A$stm8s_itc/STM8S_StdPeriph_Lib/   stm8s_itc
     0000836D  C$stm8s_itc.c$93$1_0$348           stm8s_itc
     00008371  A$stm8s_itc/STM8S_StdPeriph_Lib/   stm8s_itc
     00008371  C$stm8s_itc.c$94$1_0$348           stm8s_itc
     00008375  A$stm8s_itc/STM8S_StdPeriph_Lib/   stm8s_itc
     00008375  C$stm8s_itc.c$95$1_0$348           stm8s_itc
     00008379  A$stm8s_itc/STM8S_StdPeriph_Lib/   stm8s_itc
     00008379  C$stm8s_itc.c$96$1_0$348           stm8s_itc
     0000837D  A$stm8s_itc/STM8S_StdPeriph_Lib/   stm8s_itc
     0000837D  C$stm8s_itc.c$97$1_0$348           stm8s_itc
     00008381  A$stm8s_itc/STM8S_StdPeriph_Lib/   stm8s_itc
     00008381  C$stm8s_itc.c$98$1_0$348           stm8s_itc
     00008385  A$stm8s_itc/STM8S_StdPeriph_Lib/   stm8s_itc
     00008385  C$stm8s_itc.c$99$1_0$348           stm8s_itc
     00008389  A$stm8s_itc/STM8S_StdPeriph_Lib/   stm8s_itc
     00008389  C$stm8s_itc.c$100$1_0$348          stm8s_itc
     00008389  XG$ITC_DeInit$0$0                  stm8s_itc
     0000838A  A$stm8s_itc/STM8S_StdPeriph_Lib/   stm8s_itc
     0000838A  C$stm8s_itc.c$107$1_0$350          stm8s_itc
     0000838A  C$stm8s_itc.c$109$1_0$350          stm8s_itc
     0000838A  G$ITC_GetSoftIntStatus$0$0         stm8s_itc
     0000838A  _ITC_GetSoftIntStatus              stm8s_itc
     0000838D  A$stm8s_itc/STM8S_StdPeriph_Lib/   stm8s_itc
     0000838F  A$stm8s_itc/STM8S_StdPeriph_Lib/   stm8s_itc
     0000838F  C$stm8s_itc.c$110$1_0$350          stm8s_itc
     0000838F  XG$ITC_GetSoftIntStatus$0$0        stm8s_itc
     00008390  A$stm8s_itc/STM8S_StdPeriph_Lib/   stm8s_itc
     00008390  C$stm8s_itc.c$117$1_0$352          stm8s_itc
     00008390  G$ITC_GetSoftwarePriority$0$0      stm8s_itc
     00008390  _ITC_GetSoftwarePriority           stm8s_itc
     00008392  A$stm8s_itc/STM8S_StdPeriph_Lib/   stm8s_itc
     00008392  C$stm8s_itc.c$119$2_0$352          stm8s_itc
     00008394  A$stm8s_itc/STM8S_StdPeriph_Lib/   stm8s_itc
     00008394  C$stm8s_itc.c$126$1_0$352          stm8s_itc
     00008396  A$stm8s_itc/STM8S_StdPeriph_Lib/   stm8s_itc
     00008398  A$stm8s_itc/STM8S_StdPeriph_Lib/   stm8s_itc
     0000839A  A$stm8s_itc/STM8S_StdPeriph_Lib/   stm8s_itc
     0000839B  A$stm8s_itc/STM8S_StdPeriph_Lib/   stm8s_itc
     0000839D  A$stm8s_itc/STM8S_StdPeriph_Lib/   stm8s_itc
     0000839F  A$stm8s_itc/STM8S_StdPeriph_Lib/   stm8s_itc
     000083A1  A$stm8s_itc/STM8S_StdPeriph_Lib/   stm8s_itc
     000083A3  A$stm8s_itc/STM8S_StdPeriph_Lib/   stm8s_itc
     000083A5  A$stm8s_itc/STM8S_StdPeriph_Lib/   stm8s_itc
ASxxxx Linker V03.00 + NoICE + sdld,  page 20.
Hexadecimal  [32-Bits]

Area                                    Addr        Size        Decimal Bytes (Attributes)
--------------------------------        ----        ----        ------- ----- ------------
CODE                                000082B4    0000592D =       22829. bytes (REL,CON)

      Value  Global                              Global Defined In Module
      -----  --------------------------------   ------------------------
     000083A7  A$stm8s_itc/STM8S_StdPeriph_Lib/   stm8s_itc
     000083A8  A$stm8s_itc/STM8S_StdPeriph_Lib/   stm8s_itc
     000083AA  A$stm8s_itc/STM8S_StdPeriph_Lib/   stm8s_itc
     000083AA  C$stm8s_itc.c$128$1_0$352          stm8s_itc
     000083AC  A$stm8s_itc/STM8S_StdPeriph_Lib/   stm8s_itc
     000083AE  A$stm8s_itc/STM8S_StdPeriph_Lib/   stm8s_itc
     000083B0  A$stm8s_itc/STM8S_StdPeriph_Lib/   stm8s_itc
     000083B3  A$stm8s_itc/STM8S_StdPeriph_Lib/   stm8s_itc
     000083B4  A$stm8s_itc/STM8S_StdPeriph_Lib/   stm8s_itc
     000083B6  A$stm8s_itc/STM8S_StdPeriph_Lib/   stm8s_itc
     000083B7  A$stm8s_itc/STM8S_StdPeriph_Lib/   stm8s_itc
     000083B8  A$stm8s_itc/STM8S_StdPeriph_Lib/   stm8s_itc
     000083BB  A$stm8s_itc/STM8S_StdPeriph_Lib/   stm8s_itc
     000083EE  A$stm8s_itc/STM8S_StdPeriph_Lib/   stm8s_itc
     000083EE  C$stm8s_itc.c$133$2_0$353          stm8s_itc
     000083EE  C$stm8s_itc.c$134$2_0$353          stm8s_itc
     000083F1  A$stm8s_itc/STM8S_StdPeriph_Lib/   stm8s_itc
     000083F3  A$stm8s_itc/STM8S_StdPeriph_Lib/   stm8s_itc
     000083F5  A$stm8s_itc/STM8S_StdPeriph_Lib/   stm8s_itc
     000083F5  C$stm8s_itc.c$135$2_0$353          stm8s_itc
     000083F8  A$stm8s_itc/STM8S_StdPeriph_Lib/   stm8s_itc
     000083F8  C$stm8s_itc.c$140$2_0$353          stm8s_itc
     000083F8  C$stm8s_itc.c$141$2_0$353          stm8s_itc
     000083FB  A$stm8s_itc/STM8S_StdPeriph_Lib/   stm8s_itc
     000083FD  A$stm8s_itc/STM8S_StdPeriph_Lib/   stm8s_itc
     000083FF  A$stm8s_itc/STM8S_StdPeriph_Lib/   stm8s_itc
     000083FF  C$stm8s_itc.c$142$2_0$353          stm8s_itc
     00008401  A$stm8s_itc/STM8S_StdPeriph_Lib/   stm8s_itc
     00008401  C$stm8s_itc.c$152$2_0$353          stm8s_itc
     00008401  C$stm8s_itc.c$153$2_0$353          stm8s_itc
     00008404  A$stm8s_itc/STM8S_StdPeriph_Lib/   stm8s_itc
     00008406  A$stm8s_itc/STM8S_StdPeriph_Lib/   stm8s_itc
     00008408  A$stm8s_itc/STM8S_StdPeriph_Lib/   stm8s_itc
     00008408  C$stm8s_itc.c$154$2_0$353          stm8s_itc
     0000840A  A$stm8s_itc/STM8S_StdPeriph_Lib/   stm8s_itc
     0000840A  C$stm8s_itc.c$164$2_0$353          stm8s_itc
     0000840A  C$stm8s_itc.c$165$2_0$353          stm8s_itc
     0000840D  A$stm8s_itc/STM8S_StdPeriph_Lib/   stm8s_itc
     0000840F  A$stm8s_itc/STM8S_StdPeriph_Lib/   stm8s_itc
     00008411  A$stm8s_itc/STM8S_StdPeriph_Lib/   stm8s_itc
     00008411  C$stm8s_itc.c$166$2_0$353          stm8s_itc
     00008413  A$stm8s_itc/STM8S_StdPeriph_Lib/   stm8s_itc
     00008413  C$stm8s_itc.c$178$2_0$353          stm8s_itc
     00008413  C$stm8s_itc.c$179$2_0$353          stm8s_itc
     00008416  A$stm8s_itc/STM8S_StdPeriph_Lib/   stm8s_itc
     00008418  A$stm8s_itc/STM8S_StdPeriph_Lib/   stm8s_itc
     0000841A  A$stm8s_itc/STM8S_StdPeriph_Lib/   stm8s_itc
     0000841A  C$stm8s_itc.c$180$2_0$353          stm8s_itc
     0000841C  A$stm8s_itc/STM8S_StdPeriph_Lib/   stm8s_itc
     0000841C  C$stm8s_itc.c$199$2_0$353          stm8s_itc
     0000841C  C$stm8s_itc.c$201$2_0$353          stm8s_itc
ASxxxx Linker V03.00 + NoICE + sdld,  page 21.
Hexadecimal  [32-Bits]

Area                                    Addr        Size        Decimal Bytes (Attributes)
--------------------------------        ----        ----        ------- ----- ------------
CODE                                000082B4    0000592D =       22829. bytes (REL,CON)

      Value  Global                              Global Defined In Module
      -----  --------------------------------   ------------------------
     0000841F  A$stm8s_itc/STM8S_StdPeriph_Lib/   stm8s_itc
     00008421  A$stm8s_itc/STM8S_StdPeriph_Lib/   stm8s_itc
     00008423  A$stm8s_itc/STM8S_StdPeriph_Lib/   stm8s_itc
     00008423  C$stm8s_itc.c$202$2_0$353          stm8s_itc
     00008425  A$stm8s_itc/STM8S_StdPeriph_Lib/   stm8s_itc
     00008425  C$stm8s_itc.c$204$2_0$353          stm8s_itc
     00008425  C$stm8s_itc.c$205$2_0$353          stm8s_itc
     00008428  A$stm8s_itc/STM8S_StdPeriph_Lib/   stm8s_itc
     0000842A  A$stm8s_itc/STM8S_StdPeriph_Lib/   stm8s_itc
     0000842C  A$stm8s_itc/STM8S_StdPeriph_Lib/   stm8s_itc
     0000842C  C$stm8s_itc.c$210$1_0$352          stm8s_itc
     0000842C  C$stm8s_itc.c$212$1_0$352          stm8s_itc
     0000842E  A$stm8s_itc/STM8S_StdPeriph_Lib/   stm8s_itc
     0000842F  A$stm8s_itc/STM8S_StdPeriph_Lib/   stm8s_itc
     00008431  A$stm8s_itc/STM8S_StdPeriph_Lib/   stm8s_itc
     00008433  A$stm8s_itc/STM8S_StdPeriph_Lib/   stm8s_itc
     00008435  A$stm8s_itc/STM8S_StdPeriph_Lib/   stm8s_itc
     00008436  A$stm8s_itc/STM8S_StdPeriph_Lib/   stm8s_itc
     00008438  A$stm8s_itc/STM8S_StdPeriph_Lib/   stm8s_itc
     00008439  A$stm8s_itc/STM8S_StdPeriph_Lib/   stm8s_itc
     00008439  C$stm8s_itc.c$214$1_0$352          stm8s_itc
     0000843B  A$stm8s_itc/STM8S_StdPeriph_Lib/   stm8s_itc
     0000843B  C$stm8s_itc.c$215$1_0$352          stm8s_itc
     0000843B  XG$ITC_GetSoftwarePriority$0$0     stm8s_itc
     0000843C  A$stm8s_itc/STM8S_StdPeriph_Lib/   stm8s_itc
     0000843C  C$stm8s_itc.c$230$1_0$355          stm8s_itc
     0000843C  G$ITC_SetSoftwarePriority$0$0      stm8s_itc
     0000843C  _ITC_SetSoftwarePriority           stm8s_itc
     0000843E  A$stm8s_itc/STM8S_StdPeriph_Lib/   stm8s_itc
     0000843E  C$stm8s_itc.c$244$1_0$355          stm8s_itc
     00008440  A$stm8s_itc/STM8S_StdPeriph_Lib/   stm8s_itc
     00008442  A$stm8s_itc/STM8S_StdPeriph_Lib/   stm8s_itc
     00008444  A$stm8s_itc/STM8S_StdPeriph_Lib/   stm8s_itc
     00008445  A$stm8s_itc/STM8S_StdPeriph_Lib/   stm8s_itc
     00008446  A$stm8s_itc/STM8S_StdPeriph_Lib/   stm8s_itc
     00008448  A$stm8s_itc/STM8S_StdPeriph_Lib/   stm8s_itc
     00008449  A$stm8s_itc/STM8S_StdPeriph_Lib/   stm8s_itc
     0000844A  A$stm8s_itc/STM8S_StdPeriph_Lib/   stm8s_itc
     0000844B  A$stm8s_itc/STM8S_StdPeriph_Lib/   stm8s_itc
     0000844D  A$stm8s_itc/STM8S_StdPeriph_Lib/   stm8s_itc
     0000844F  A$stm8s_itc/STM8S_StdPeriph_Lib/   stm8s_itc
     00008450  A$stm8s_itc/STM8S_StdPeriph_Lib/   stm8s_itc
     00008452  A$stm8s_itc/STM8S_StdPeriph_Lib/   stm8s_itc
     00008453  A$stm8s_itc/STM8S_StdPeriph_Lib/   stm8s_itc
     00008454  A$stm8s_itc/STM8S_StdPeriph_Lib/   stm8s_itc
     00008456  A$stm8s_itc/STM8S_StdPeriph_Lib/   stm8s_itc
     00008456  C$stm8s_itc.c$247$1_0$355          stm8s_itc
     00008458  A$stm8s_itc/STM8S_StdPeriph_Lib/   stm8s_itc
     00008459  A$stm8s_itc/STM8S_StdPeriph_Lib/   stm8s_itc
     0000845A  A$stm8s_itc/STM8S_StdPeriph_Lib/   stm8s_itc
     0000845B  A$stm8s_itc/STM8S_StdPeriph_Lib/   stm8s_itc
ASxxxx Linker V03.00 + NoICE + sdld,  page 22.
Hexadecimal  [32-Bits]

Area                                    Addr        Size        Decimal Bytes (Attributes)
--------------------------------        ----        ----        ------- ----- ------------
CODE                                000082B4    0000592D =       22829. bytes (REL,CON)

      Value  Global                              Global Defined In Module
      -----  --------------------------------   ------------------------
     0000845D  A$stm8s_itc/STM8S_StdPeriph_Lib/   stm8s_itc
     0000845F  A$stm8s_itc/STM8S_StdPeriph_Lib/   stm8s_itc
     00008460  A$stm8s_itc/STM8S_StdPeriph_Lib/   stm8s_itc
     00008462  A$stm8s_itc/STM8S_StdPeriph_Lib/   stm8s_itc
     00008463  A$stm8s_itc/STM8S_StdPeriph_Lib/   stm8s_itc
     00008465  A$stm8s_itc/STM8S_StdPeriph_Lib/   stm8s_itc
     00008465  C$stm8s_itc.c$249$1_0$355          stm8s_itc
     00008467  A$stm8s_itc/STM8S_StdPeriph_Lib/   stm8s_itc
     00008469  A$stm8s_itc/STM8S_StdPeriph_Lib/   stm8s_itc
     0000846B  A$stm8s_itc/STM8S_StdPeriph_Lib/   stm8s_itc
     0000846E  A$stm8s_itc/STM8S_StdPeriph_Lib/   stm8s_itc
     0000846F  A$stm8s_itc/STM8S_StdPeriph_Lib/   stm8s_itc
     00008471  A$stm8s_itc/STM8S_StdPeriph_Lib/   stm8s_itc
     00008472  A$stm8s_itc/STM8S_StdPeriph_Lib/   stm8s_itc
     00008473  A$stm8s_itc/STM8S_StdPeriph_Lib/   stm8s_itc
     00008476  A$stm8s_itc/STM8S_StdPeriph_Lib/   stm8s_itc
     000084A9  A$stm8s_itc/STM8S_StdPeriph_Lib/   stm8s_itc
     000084A9  C$stm8s_itc.c$254$2_0$356          stm8s_itc
     000084A9  C$stm8s_itc.c$255$2_0$356          stm8s_itc
     000084AC  A$stm8s_itc/STM8S_StdPeriph_Lib/   stm8s_itc
     000084AE  A$stm8s_itc/STM8S_StdPeriph_Lib/   stm8s_itc
     000084B1  A$stm8s_itc/STM8S_StdPeriph_Lib/   stm8s_itc
     000084B1  C$stm8s_itc.c$256$2_0$356          stm8s_itc
     000084B4  A$stm8s_itc/STM8S_StdPeriph_Lib/   stm8s_itc
     000084B6  A$stm8s_itc/STM8S_StdPeriph_Lib/   stm8s_itc
     000084B9  A$stm8s_itc/STM8S_StdPeriph_Lib/   stm8s_itc
     000084B9  C$stm8s_itc.c$257$2_0$356          stm8s_itc
     000084BC  A$stm8s_itc/STM8S_StdPeriph_Lib/   stm8s_itc
     000084BC  C$stm8s_itc.c$262$2_0$356          stm8s_itc
     000084BC  C$stm8s_itc.c$263$2_0$356          stm8s_itc
     000084BF  A$stm8s_itc/STM8S_StdPeriph_Lib/   stm8s_itc
     000084C1  A$stm8s_itc/STM8S_StdPeriph_Lib/   stm8s_itc
     000084C4  A$stm8s_itc/STM8S_StdPeriph_Lib/   stm8s_itc
     000084C4  C$stm8s_itc.c$264$2_0$356          stm8s_itc
     000084C7  A$stm8s_itc/STM8S_StdPeriph_Lib/   stm8s_itc
     000084C9  A$stm8s_itc/STM8S_StdPeriph_Lib/   stm8s_itc
     000084CC  A$stm8s_itc/STM8S_StdPeriph_Lib/   stm8s_itc
     000084CC  C$stm8s_itc.c$265$2_0$356          stm8s_itc
     000084CF  A$stm8s_itc/STM8S_StdPeriph_Lib/   stm8s_itc
     000084CF  C$stm8s_itc.c$275$2_0$356          stm8s_itc
     000084CF  C$stm8s_itc.c$276$2_0$356          stm8s_itc
     000084D2  A$stm8s_itc/STM8S_StdPeriph_Lib/   stm8s_itc
     000084D4  A$stm8s_itc/STM8S_StdPeriph_Lib/   stm8s_itc
     000084D7  A$stm8s_itc/STM8S_StdPeriph_Lib/   stm8s_itc
     000084D7  C$stm8s_itc.c$277$2_0$356          stm8s_itc
     000084DA  A$stm8s_itc/STM8S_StdPeriph_Lib/   stm8s_itc
     000084DC  A$stm8s_itc/STM8S_StdPeriph_Lib/   stm8s_itc
     000084DF  A$stm8s_itc/STM8S_StdPeriph_Lib/   stm8s_itc
     000084DF  C$stm8s_itc.c$278$2_0$356          stm8s_itc
     000084E2  A$stm8s_itc/STM8S_StdPeriph_Lib/   stm8s_itc
     000084E2  C$stm8s_itc.c$288$2_0$356          stm8s_itc
ASxxxx Linker V03.00 + NoICE + sdld,  page 23.
Hexadecimal  [32-Bits]

Area                                    Addr        Size        Decimal Bytes (Attributes)
--------------------------------        ----        ----        ------- ----- ------------
CODE                                000082B4    0000592D =       22829. bytes (REL,CON)

      Value  Global                              Global Defined In Module
      -----  --------------------------------   ------------------------
     000084E2  C$stm8s_itc.c$289$2_0$356          stm8s_itc
     000084E5  A$stm8s_itc/STM8S_StdPeriph_Lib/   stm8s_itc
     000084E7  A$stm8s_itc/STM8S_StdPeriph_Lib/   stm8s_itc
     000084EA  A$stm8s_itc/STM8S_StdPeriph_Lib/   stm8s_itc
     000084EA  C$stm8s_itc.c$290$2_0$356          stm8s_itc
     000084ED  A$stm8s_itc/STM8S_StdPeriph_Lib/   stm8s_itc
     000084EF  A$stm8s_itc/STM8S_StdPeriph_Lib/   stm8s_itc
     000084F2  A$stm8s_itc/STM8S_StdPeriph_Lib/   stm8s_itc
     000084F2  C$stm8s_itc.c$291$2_0$356          stm8s_itc
     000084F4  A$stm8s_itc/STM8S_StdPeriph_Lib/   stm8s_itc
     000084F4  C$stm8s_itc.c$303$2_0$356          stm8s_itc
     000084F4  C$stm8s_itc.c$304$2_0$356          stm8s_itc
     000084F7  A$stm8s_itc/STM8S_StdPeriph_Lib/   stm8s_itc
     000084F9  A$stm8s_itc/STM8S_StdPeriph_Lib/   stm8s_itc
     000084FC  A$stm8s_itc/STM8S_StdPeriph_Lib/   stm8s_itc
     000084FC  C$stm8s_itc.c$305$2_0$356          stm8s_itc
     000084FF  A$stm8s_itc/STM8S_StdPeriph_Lib/   stm8s_itc
     00008501  A$stm8s_itc/STM8S_StdPeriph_Lib/   stm8s_itc
     00008504  A$stm8s_itc/STM8S_StdPeriph_Lib/   stm8s_itc
     00008504  C$stm8s_itc.c$306$2_0$356          stm8s_itc
     00008506  A$stm8s_itc/STM8S_StdPeriph_Lib/   stm8s_itc
     00008506  C$stm8s_itc.c$328$2_0$356          stm8s_itc
     00008506  C$stm8s_itc.c$330$2_0$356          stm8s_itc
     00008509  A$stm8s_itc/STM8S_StdPeriph_Lib/   stm8s_itc
     0000850B  A$stm8s_itc/STM8S_StdPeriph_Lib/   stm8s_itc
     0000850E  A$stm8s_itc/STM8S_StdPeriph_Lib/   stm8s_itc
     0000850E  C$stm8s_itc.c$331$2_0$356          stm8s_itc
     00008511  A$stm8s_itc/STM8S_StdPeriph_Lib/   stm8s_itc
     00008513  A$stm8s_itc/STM8S_StdPeriph_Lib/   stm8s_itc
     00008516  A$stm8s_itc/STM8S_StdPeriph_Lib/   stm8s_itc
     00008516  C$stm8s_itc.c$332$2_0$356          stm8s_itc
     00008518  A$stm8s_itc/STM8S_StdPeriph_Lib/   stm8s_itc
     00008518  C$stm8s_itc.c$334$2_0$356          stm8s_itc
     00008518  C$stm8s_itc.c$335$2_0$356          stm8s_itc
     0000851B  A$stm8s_itc/STM8S_StdPeriph_Lib/   stm8s_itc
     0000851D  A$stm8s_itc/STM8S_StdPeriph_Lib/   stm8s_itc
     00008520  A$stm8s_itc/STM8S_StdPeriph_Lib/   stm8s_itc
     00008520  C$stm8s_itc.c$336$2_0$356          stm8s_itc
     00008523  A$stm8s_itc/STM8S_StdPeriph_Lib/   stm8s_itc
     00008525  A$stm8s_itc/STM8S_StdPeriph_Lib/   stm8s_itc
     00008528  A$stm8s_itc/STM8S_StdPeriph_Lib/   stm8s_itc
     00008528  C$stm8s_itc.c$341$1_0$355          stm8s_itc
     0000852A  A$stm8s_itc/STM8S_StdPeriph_Lib/   stm8s_itc
     0000852A  C$stm8s_itc.c$342$1_0$355          stm8s_itc
     0000852A  XG$ITC_SetSoftwarePriority$0$0     stm8s_itc
     0000852B  A$stm8s_clk/STM8S_StdPeriph_Lib/   stm8s_clk
     0000852B  C$stm8s_clk.c$72$0_0$346           stm8s_clk
     0000852B  C$stm8s_clk.c$74$1_0$346           stm8s_clk
     0000852B  G$CLK_DeInit$0$0                   stm8s_clk
     0000852B  _CLK_DeInit                        stm8s_clk
     0000852F  A$stm8s_clk/STM8S_StdPeriph_Lib/   stm8s_clk
ASxxxx Linker V03.00 + NoICE + sdld,  page 24.
Hexadecimal  [32-Bits]

Area                                    Addr        Size        Decimal Bytes (Attributes)
--------------------------------        ----        ----        ------- ----- ------------
CODE                                000082B4    0000592D =       22829. bytes (REL,CON)

      Value  Global                              Global Defined In Module
      -----  --------------------------------   ------------------------
     0000852F  C$stm8s_clk.c$75$1_0$346           stm8s_clk
     00008533  A$stm8s_clk/STM8S_StdPeriph_Lib/   stm8s_clk
     00008533  C$stm8s_clk.c$76$1_0$346           stm8s_clk
     00008537  A$stm8s_clk/STM8S_StdPeriph_Lib/   stm8s_clk
     00008537  C$stm8s_clk.c$77$1_0$346           stm8s_clk
     0000853B  A$stm8s_clk/STM8S_StdPeriph_Lib/   stm8s_clk
     0000853B  C$stm8s_clk.c$78$1_0$346           stm8s_clk
     0000853F  A$stm8s_clk/STM8S_StdPeriph_Lib/   stm8s_clk
     0000853F  C$stm8s_clk.c$79$1_0$346           stm8s_clk
     00008543  A$stm8s_clk/STM8S_StdPeriph_Lib/   stm8s_clk
     00008543  C$stm8s_clk.c$80$1_0$346           stm8s_clk
     00008547  A$stm8s_clk/STM8S_StdPeriph_Lib/   stm8s_clk
     00008547  C$stm8s_clk.c$81$1_0$346           stm8s_clk
     0000854B  A$stm8s_clk/STM8S_StdPeriph_Lib/   stm8s_clk
     0000854B  C$stm8s_clk.c$82$1_0$346           stm8s_clk
     0000854F  A$stm8s_clk/STM8S_StdPeriph_Lib/   stm8s_clk
     0000854F  C$stm8s_clk.c$83$1_0$346           stm8s_clk
     00008552  A$stm8s_clk/STM8S_StdPeriph_Lib/   stm8s_clk
     00008553  A$stm8s_clk/STM8S_StdPeriph_Lib/   stm8s_clk
     00008555  A$stm8s_clk/STM8S_StdPeriph_Lib/   stm8s_clk
     00008555  C$stm8s_clk.c$85$1_0$346           stm8s_clk
     00008559  A$stm8s_clk/STM8S_StdPeriph_Lib/   stm8s_clk
     00008559  C$stm8s_clk.c$86$1_0$346           stm8s_clk
     0000855D  A$stm8s_clk/STM8S_StdPeriph_Lib/   stm8s_clk
     0000855D  C$stm8s_clk.c$87$1_0$346           stm8s_clk
     00008561  A$stm8s_clk/STM8S_StdPeriph_Lib/   stm8s_clk
     00008561  C$stm8s_clk.c$88$1_0$346           stm8s_clk
     00008561  XG$CLK_DeInit$0$0                  stm8s_clk
     00008562  A$stm8s_clk/STM8S_StdPeriph_Lib/   stm8s_clk
     00008562  C$stm8s_clk.c$104$1_0$349          stm8s_clk
     00008562  C$stm8s_clk.c$99$1_0$349           stm8s_clk
     00008562  G$CLK_FastHaltWakeUpCmd$0$0        stm8s_clk
     00008562  _CLK_FastHaltWakeUpCmd             stm8s_clk
     00008564  A$stm8s_clk/STM8S_StdPeriph_Lib/   stm8s_clk
     00008566  A$stm8s_clk/STM8S_StdPeriph_Lib/   stm8s_clk
     00008566  C$stm8s_clk.c$107$2_0$350          stm8s_clk
     0000856A  A$stm8s_clk/STM8S_StdPeriph_Lib/   stm8s_clk
     0000856C  A$stm8s_clk/STM8S_StdPeriph_Lib/   stm8s_clk
     0000856C  C$stm8s_clk.c$112$2_0$351          stm8s_clk
     00008570  A$stm8s_clk/STM8S_StdPeriph_Lib/   stm8s_clk
     00008570  C$stm8s_clk.c$114$1_0$349          stm8s_clk
     00008570  XG$CLK_FastHaltWakeUpCmd$0$0       stm8s_clk
     00008571  A$stm8s_clk/STM8S_StdPeriph_Lib/   stm8s_clk
     00008571  C$stm8s_clk.c$121$1_0$353          stm8s_clk
     00008571  C$stm8s_clk.c$126$1_0$353          stm8s_clk
     00008571  G$CLK_HSECmd$0$0                   stm8s_clk
     00008571  _CLK_HSECmd                        stm8s_clk
     00008573  A$stm8s_clk/STM8S_StdPeriph_Lib/   stm8s_clk
     00008575  A$stm8s_clk/STM8S_StdPeriph_Lib/   stm8s_clk
     00008575  C$stm8s_clk.c$129$2_0$354          stm8s_clk
     00008579  A$stm8s_clk/STM8S_StdPeriph_Lib/   stm8s_clk
ASxxxx Linker V03.00 + NoICE + sdld,  page 25.
Hexadecimal  [32-Bits]

Area                                    Addr        Size        Decimal Bytes (Attributes)
--------------------------------        ----        ----        ------- ----- ------------
CODE                                000082B4    0000592D =       22829. bytes (REL,CON)

      Value  Global                              Global Defined In Module
      -----  --------------------------------   ------------------------
     0000857B  A$stm8s_clk/STM8S_StdPeriph_Lib/   stm8s_clk
     0000857B  C$stm8s_clk.c$134$2_0$355          stm8s_clk
     0000857F  A$stm8s_clk/STM8S_StdPeriph_Lib/   stm8s_clk
     0000857F  C$stm8s_clk.c$136$1_0$353          stm8s_clk
     0000857F  XG$CLK_HSECmd$0$0                  stm8s_clk
     00008580  A$stm8s_clk/STM8S_StdPeriph_Lib/   stm8s_clk
     00008580  C$stm8s_clk.c$143$1_0$357          stm8s_clk
     00008580  C$stm8s_clk.c$148$1_0$357          stm8s_clk
     00008580  G$CLK_HSICmd$0$0                   stm8s_clk
     00008580  _CLK_HSICmd                        stm8s_clk
     00008582  A$stm8s_clk/STM8S_StdPeriph_Lib/   stm8s_clk
     00008584  A$stm8s_clk/STM8S_StdPeriph_Lib/   stm8s_clk
     00008584  C$stm8s_clk.c$151$2_0$358          stm8s_clk
     00008588  A$stm8s_clk/STM8S_StdPeriph_Lib/   stm8s_clk
     0000858A  A$stm8s_clk/STM8S_StdPeriph_Lib/   stm8s_clk
     0000858A  C$stm8s_clk.c$156$2_0$359          stm8s_clk
     0000858E  A$stm8s_clk/STM8S_StdPeriph_Lib/   stm8s_clk
     0000858E  C$stm8s_clk.c$158$1_0$357          stm8s_clk
     0000858E  XG$CLK_HSICmd$0$0                  stm8s_clk
     0000858F  A$stm8s_clk/STM8S_StdPeriph_Lib/   stm8s_clk
     0000858F  C$stm8s_clk.c$166$1_0$361          stm8s_clk
     0000858F  C$stm8s_clk.c$171$1_0$361          stm8s_clk
     0000858F  G$CLK_LSICmd$0$0                   stm8s_clk
     0000858F  _CLK_LSICmd                        stm8s_clk
     00008591  A$stm8s_clk/STM8S_StdPeriph_Lib/   stm8s_clk
     00008593  A$stm8s_clk/STM8S_StdPeriph_Lib/   stm8s_clk
     00008593  C$stm8s_clk.c$174$2_0$362          stm8s_clk
     00008597  A$stm8s_clk/STM8S_StdPeriph_Lib/   stm8s_clk
     00008599  A$stm8s_clk/STM8S_StdPeriph_Lib/   stm8s_clk
     00008599  C$stm8s_clk.c$179$2_0$363          stm8s_clk
     0000859D  A$stm8s_clk/STM8S_StdPeriph_Lib/   stm8s_clk
     0000859D  C$stm8s_clk.c$181$1_0$361          stm8s_clk
     0000859D  XG$CLK_LSICmd$0$0                  stm8s_clk
     0000859E  A$stm8s_clk/STM8S_StdPeriph_Lib/   stm8s_clk
     0000859E  C$stm8s_clk.c$189$1_0$365          stm8s_clk
     0000859E  C$stm8s_clk.c$194$1_0$365          stm8s_clk
     0000859E  G$CLK_CCOCmd$0$0                   stm8s_clk
     0000859E  _CLK_CCOCmd                        stm8s_clk
     000085A0  A$stm8s_clk/STM8S_StdPeriph_Lib/   stm8s_clk
     000085A2  A$stm8s_clk/STM8S_StdPeriph_Lib/   stm8s_clk
     000085A2  C$stm8s_clk.c$197$2_0$366          stm8s_clk
     000085A6  A$stm8s_clk/STM8S_StdPeriph_Lib/   stm8s_clk
     000085A8  A$stm8s_clk/STM8S_StdPeriph_Lib/   stm8s_clk
     000085A8  C$stm8s_clk.c$202$2_0$367          stm8s_clk
     000085AC  A$stm8s_clk/STM8S_StdPeriph_Lib/   stm8s_clk
     000085AC  C$stm8s_clk.c$204$1_0$365          stm8s_clk
     000085AC  XG$CLK_CCOCmd$0$0                  stm8s_clk
     000085AD  A$stm8s_clk/STM8S_StdPeriph_Lib/   stm8s_clk
     000085AD  C$stm8s_clk.c$213$1_0$369          stm8s_clk
     000085AD  C$stm8s_clk.c$218$1_0$369          stm8s_clk
     000085AD  G$CLK_ClockSwitchCmd$0$0           stm8s_clk
ASxxxx Linker V03.00 + NoICE + sdld,  page 26.
Hexadecimal  [32-Bits]

Area                                    Addr        Size        Decimal Bytes (Attributes)
--------------------------------        ----        ----        ------- ----- ------------
CODE                                000082B4    0000592D =       22829. bytes (REL,CON)

      Value  Global                              Global Defined In Module
      -----  --------------------------------   ------------------------
     000085AD  _CLK_ClockSwitchCmd                stm8s_clk
     000085AF  A$stm8s_clk/STM8S_StdPeriph_Lib/   stm8s_clk
     000085B1  A$stm8s_clk/STM8S_StdPeriph_Lib/   stm8s_clk
     000085B1  C$stm8s_clk.c$221$2_0$370          stm8s_clk
     000085B5  A$stm8s_clk/STM8S_StdPeriph_Lib/   stm8s_clk
     000085B7  A$stm8s_clk/STM8S_StdPeriph_Lib/   stm8s_clk
     000085B7  C$stm8s_clk.c$226$2_0$371          stm8s_clk
     000085BB  A$stm8s_clk/STM8S_StdPeriph_Lib/   stm8s_clk
     000085BB  C$stm8s_clk.c$228$1_0$369          stm8s_clk
     000085BB  XG$CLK_ClockSwitchCmd$0$0          stm8s_clk
     000085BC  A$stm8s_clk/STM8S_StdPeriph_Lib/   stm8s_clk
     000085BC  C$stm8s_clk.c$238$1_0$373          stm8s_clk
     000085BC  C$stm8s_clk.c$243$1_0$373          stm8s_clk
     000085BC  G$CLK_SlowActiveHaltWakeUpCmd$0$   stm8s_clk
     000085BC  _CLK_SlowActiveHaltWakeUpCmd       stm8s_clk
     000085BE  A$stm8s_clk/STM8S_StdPeriph_Lib/   stm8s_clk
     000085C0  A$stm8s_clk/STM8S_StdPeriph_Lib/   stm8s_clk
     000085C0  C$stm8s_clk.c$246$2_0$374          stm8s_clk
     000085C4  A$stm8s_clk/STM8S_StdPeriph_Lib/   stm8s_clk
     000085C6  A$stm8s_clk/STM8S_StdPeriph_Lib/   stm8s_clk
     000085C6  C$stm8s_clk.c$251$2_0$375          stm8s_clk
     000085CA  A$stm8s_clk/STM8S_StdPeriph_Lib/   stm8s_clk
     000085CA  C$stm8s_clk.c$253$1_0$373          stm8s_clk
     000085CA  XG$CLK_SlowActiveHaltWakeUpCmd$0   stm8s_clk
     000085CB  A$stm8s_clk/STM8S_StdPeriph_Lib/   stm8s_clk
     000085CB  C$stm8s_clk.c$263$1_0$377          stm8s_clk
     000085CB  G$CLK_PeripheralClockConfig$0$0    stm8s_clk
     000085CB  _CLK_PeripheralClockConfig         stm8s_clk
     000085CC  A$stm8s_clk/STM8S_StdPeriph_Lib/   stm8s_clk
     000085CC  C$stm8s_clk.c$269$1_0$377          stm8s_clk
     000085CE  A$stm8s_clk/STM8S_StdPeriph_Lib/   stm8s_clk
     000085D0  A$stm8s_clk/STM8S_StdPeriph_Lib/   stm8s_clk
     000085D2  A$stm8s_clk/STM8S_StdPeriph_Lib/   stm8s_clk
     000085D2  C$stm8s_clk.c$271$2_0$378          stm8s_clk
     000085D4  A$stm8s_clk/STM8S_StdPeriph_Lib/   stm8s_clk
     000085D6  A$stm8s_clk/STM8S_StdPeriph_Lib/   stm8s_clk
     000085D6  C$stm8s_clk.c$274$3_0$379          stm8s_clk
     000085D9  A$stm8s_clk/STM8S_StdPeriph_Lib/   stm8s_clk
     000085DA  A$stm8s_clk/STM8S_StdPeriph_Lib/   stm8s_clk
     000085DC  A$stm8s_clk/STM8S_StdPeriph_Lib/   stm8s_clk
     000085DE  A$stm8s_clk/STM8S_StdPeriph_Lib/   stm8s_clk
     000085DF  A$stm8s_clk/STM8S_StdPeriph_Lib/   stm8s_clk
     000085E1  A$stm8s_clk/STM8S_StdPeriph_Lib/   stm8s_clk
     000085E3  A$stm8s_clk/STM8S_StdPeriph_Lib/   stm8s_clk
     000085E4  A$stm8s_clk/STM8S_StdPeriph_Lib/   stm8s_clk
     000085E5  A$stm8s_clk/STM8S_StdPeriph_Lib/   stm8s_clk
     000085E7  A$stm8s_clk/STM8S_StdPeriph_Lib/   stm8s_clk
     000085E9  A$stm8s_clk/STM8S_StdPeriph_Lib/   stm8s_clk
     000085EA  A$stm8s_clk/STM8S_StdPeriph_Lib/   stm8s_clk
     000085EC  A$stm8s_clk/STM8S_StdPeriph_Lib/   stm8s_clk
     000085ED  A$stm8s_clk/STM8S_StdPeriph_Lib/   stm8s_clk
ASxxxx Linker V03.00 + NoICE + sdld,  page 27.
Hexadecimal  [32-Bits]

Area                                    Addr        Size        Decimal Bytes (Attributes)
--------------------------------        ----        ----        ------- ----- ------------
CODE                                000082B4    0000592D =       22829. bytes (REL,CON)

      Value  Global                              Global Defined In Module
      -----  --------------------------------   ------------------------
     000085EF  A$stm8s_clk/STM8S_StdPeriph_Lib/   stm8s_clk
     000085F2  A$stm8s_clk/STM8S_StdPeriph_Lib/   stm8s_clk
     000085F4  A$stm8s_clk/STM8S_StdPeriph_Lib/   stm8s_clk
     000085F4  C$stm8s_clk.c$279$3_0$380          stm8s_clk
     000085F7  A$stm8s_clk/STM8S_StdPeriph_Lib/   stm8s_clk
     000085F9  A$stm8s_clk/STM8S_StdPeriph_Lib/   stm8s_clk
     000085FB  A$stm8s_clk/STM8S_StdPeriph_Lib/   stm8s_clk
     000085FD  A$stm8s_clk/STM8S_StdPeriph_Lib/   stm8s_clk
     000085FE  A$stm8s_clk/STM8S_StdPeriph_Lib/   stm8s_clk
     00008600  A$stm8s_clk/STM8S_StdPeriph_Lib/   stm8s_clk
     00008601  A$stm8s_clk/STM8S_StdPeriph_Lib/   stm8s_clk
     00008602  A$stm8s_clk/STM8S_StdPeriph_Lib/   stm8s_clk
     00008603  A$stm8s_clk/STM8S_StdPeriph_Lib/   stm8s_clk
     00008605  A$stm8s_clk/STM8S_StdPeriph_Lib/   stm8s_clk
     00008607  A$stm8s_clk/STM8S_StdPeriph_Lib/   stm8s_clk
     00008608  A$stm8s_clk/STM8S_StdPeriph_Lib/   stm8s_clk
     0000860A  A$stm8s_clk/STM8S_StdPeriph_Lib/   stm8s_clk
     0000860B  A$stm8s_clk/STM8S_StdPeriph_Lib/   stm8s_clk
     0000860C  A$stm8s_clk/STM8S_StdPeriph_Lib/   stm8s_clk
     0000860E  A$stm8s_clk/STM8S_StdPeriph_Lib/   stm8s_clk
     00008611  A$stm8s_clk/STM8S_StdPeriph_Lib/   stm8s_clk
     00008613  A$stm8s_clk/STM8S_StdPeriph_Lib/   stm8s_clk
     00008613  C$stm8s_clk.c$284$2_0$381          stm8s_clk
     00008615  A$stm8s_clk/STM8S_StdPeriph_Lib/   stm8s_clk
     00008617  A$stm8s_clk/STM8S_StdPeriph_Lib/   stm8s_clk
     00008617  C$stm8s_clk.c$287$3_0$382          stm8s_clk
     0000861A  A$stm8s_clk/STM8S_StdPeriph_Lib/   stm8s_clk
     0000861B  A$stm8s_clk/STM8S_StdPeriph_Lib/   stm8s_clk
     0000861D  A$stm8s_clk/STM8S_StdPeriph_Lib/   stm8s_clk
     0000861F  A$stm8s_clk/STM8S_StdPeriph_Lib/   stm8s_clk
     00008620  A$stm8s_clk/STM8S_StdPeriph_Lib/   stm8s_clk
     00008622  A$stm8s_clk/STM8S_StdPeriph_Lib/   stm8s_clk
     00008624  A$stm8s_clk/STM8S_StdPeriph_Lib/   stm8s_clk
     00008625  A$stm8s_clk/STM8S_StdPeriph_Lib/   stm8s_clk
     00008626  A$stm8s_clk/STM8S_StdPeriph_Lib/   stm8s_clk
     00008628  A$stm8s_clk/STM8S_StdPeriph_Lib/   stm8s_clk
     0000862A  A$stm8s_clk/STM8S_StdPeriph_Lib/   stm8s_clk
     0000862B  A$stm8s_clk/STM8S_StdPeriph_Lib/   stm8s_clk
     0000862D  A$stm8s_clk/STM8S_StdPeriph_Lib/   stm8s_clk
     0000862E  A$stm8s_clk/STM8S_StdPeriph_Lib/   stm8s_clk
     00008630  A$stm8s_clk/STM8S_StdPeriph_Lib/   stm8s_clk
     00008633  A$stm8s_clk/STM8S_StdPeriph_Lib/   stm8s_clk
     00008635  A$stm8s_clk/STM8S_StdPeriph_Lib/   stm8s_clk
     00008635  C$stm8s_clk.c$292$3_0$383          stm8s_clk
     00008638  A$stm8s_clk/STM8S_StdPeriph_Lib/   stm8s_clk
     0000863A  A$stm8s_clk/STM8S_StdPeriph_Lib/   stm8s_clk
     0000863C  A$stm8s_clk/STM8S_StdPeriph_Lib/   stm8s_clk
     0000863E  A$stm8s_clk/STM8S_StdPeriph_Lib/   stm8s_clk
     0000863F  A$stm8s_clk/STM8S_StdPeriph_Lib/   stm8s_clk
     00008641  A$stm8s_clk/STM8S_StdPeriph_Lib/   stm8s_clk
     00008642  A$stm8s_clk/STM8S_StdPeriph_Lib/   stm8s_clk
ASxxxx Linker V03.00 + NoICE + sdld,  page 28.
Hexadecimal  [32-Bits]

Area                                    Addr        Size        Decimal Bytes (Attributes)
--------------------------------        ----        ----        ------- ----- ------------
CODE                                000082B4    0000592D =       22829. bytes (REL,CON)

      Value  Global                              Global Defined In Module
      -----  --------------------------------   ------------------------
     00008643  A$stm8s_clk/STM8S_StdPeriph_Lib/   stm8s_clk
     00008644  A$stm8s_clk/STM8S_StdPeriph_Lib/   stm8s_clk
     00008646  A$stm8s_clk/STM8S_StdPeriph_Lib/   stm8s_clk
     00008648  A$stm8s_clk/STM8S_StdPeriph_Lib/   stm8s_clk
     00008649  A$stm8s_clk/STM8S_StdPeriph_Lib/   stm8s_clk
     0000864B  A$stm8s_clk/STM8S_StdPeriph_Lib/   stm8s_clk
     0000864C  A$stm8s_clk/STM8S_StdPeriph_Lib/   stm8s_clk
     0000864D  A$stm8s_clk/STM8S_StdPeriph_Lib/   stm8s_clk
     0000864F  A$stm8s_clk/STM8S_StdPeriph_Lib/   stm8s_clk
     00008652  A$stm8s_clk/STM8S_StdPeriph_Lib/   stm8s_clk
     00008653  A$stm8s_clk/STM8S_StdPeriph_Lib/   stm8s_clk
     00008653  C$stm8s_clk.c$295$1_0$377          stm8s_clk
     00008653  XG$CLK_PeripheralClockConfig$0$0   stm8s_clk
     00008654  A$stm8s_clk/STM8S_StdPeriph_Lib/   stm8s_clk
     00008654  C$stm8s_clk.c$309$1_0$385          stm8s_clk
     00008654  C$stm8s_clk.c$322$1_0$385          stm8s_clk
     00008654  G$CLK_ClockSwitchConfig$0$0        stm8s_clk
     00008654  _CLK_ClockSwitchConfig             stm8s_clk
     00008657  A$stm8s_clk/STM8S_StdPeriph_Lib/   stm8s_clk
     00008659  A$stm8s_clk/STM8S_StdPeriph_Lib/   stm8s_clk
     00008659  C$stm8s_clk.c$325$1_0$385          stm8s_clk
     0000865B  A$stm8s_clk/STM8S_StdPeriph_Lib/   stm8s_clk
     0000865C  A$stm8s_clk/STM8S_StdPeriph_Lib/   stm8s_clk
     0000865E  A$stm8s_clk/STM8S_StdPeriph_Lib/   stm8s_clk
     0000865E  C$stm8s_clk.c$328$2_0$386          stm8s_clk
     00008662  A$stm8s_clk/STM8S_StdPeriph_Lib/   stm8s_clk
     00008662  C$stm8s_clk.c$331$2_0$386          stm8s_clk
     00008664  A$stm8s_clk/STM8S_StdPeriph_Lib/   stm8s_clk
     00008666  A$stm8s_clk/STM8S_StdPeriph_Lib/   stm8s_clk
     00008666  C$stm8s_clk.c$333$3_0$387          stm8s_clk
     0000866A  A$stm8s_clk/STM8S_StdPeriph_Lib/   stm8s_clk
     0000866C  A$stm8s_clk/STM8S_StdPeriph_Lib/   stm8s_clk
     0000866C  C$stm8s_clk.c$337$3_0$388          stm8s_clk
     00008670  A$stm8s_clk/STM8S_StdPeriph_Lib/   stm8s_clk
     00008670  C$stm8s_clk.c$341$2_0$386          stm8s_clk
     00008673  A$stm8s_clk/STM8S_StdPeriph_Lib/   stm8s_clk
     00008675  A$stm8s_clk/STM8S_StdPeriph_Lib/   stm8s_clk
     00008676  A$stm8s_clk/STM8S_StdPeriph_Lib/   stm8s_clk
     00008676  C$stm8s_clk.c$344$1_0$385          stm8s_clk
     00008677  A$stm8s_clk/STM8S_StdPeriph_Lib/   stm8s_clk
     00008678  A$stm8s_clk/STM8S_StdPeriph_Lib/   stm8s_clk
     0000867B  A$stm8s_clk/STM8S_StdPeriph_Lib/   stm8s_clk
     0000867C  A$stm8s_clk/STM8S_StdPeriph_Lib/   stm8s_clk
     0000867E  A$stm8s_clk/STM8S_StdPeriph_Lib/   stm8s_clk
     0000867F  A$stm8s_clk/STM8S_StdPeriph_Lib/   stm8s_clk
     00008681  A$stm8s_clk/STM8S_StdPeriph_Lib/   stm8s_clk
     00008681  C$stm8s_clk.c$346$3_0$389          stm8s_clk
     00008682  A$stm8s_clk/STM8S_StdPeriph_Lib/   stm8s_clk
     00008684  A$stm8s_clk/STM8S_StdPeriph_Lib/   stm8s_clk
     00008684  C$stm8s_clk.c$349$2_0$386          stm8s_clk
     00008685  A$stm8s_clk/STM8S_StdPeriph_Lib/   stm8s_clk
ASxxxx Linker V03.00 + NoICE + sdld,  page 29.
Hexadecimal  [32-Bits]

[...]
     0000CFDA  A$eeprom$1274                      eeprom
     0000CFDB  A$eeprom$1277                      eeprom
     0000CFDB  C$eeprom.c$269$1_0$364             eeprom
     0000CFDD  A$eeprom$1278                      eeprom
     0000CFE0  A$eeprom$1279                      eeprom
     0000CFE2  A$eeprom$1280                      eeprom
     0000CFE5  A$eeprom$1281                      eeprom
     0000CFE6  A$eeprom$1284                      eeprom
     0000CFE6  C$eeprom.c$270$1_0$364             eeprom
     0000CFE8  A$eeprom$1285                      eeprom
     0000CFEB  A$eeprom$1286                      eeprom
     0000CFED  A$eeprom$1287                      eeprom
     0000CFF0  A$eeprom$1288                      eeprom
     0000CFF1  A$eeprom$1291                      eeprom
     0000CFF1  C$eeprom.c$271$1_0$364             eeprom
     0000CFF3  A$eeprom$1292                      eeprom
     0000CFF6  A$eeprom$1293                      eeprom
     0000CFF8  A$eeprom$1294                      eeprom
     0000CFFB  A$eeprom$1295                      eeprom
     0000CFFC  A$eeprom$1298                      eeprom
     0000CFFC  C$eeprom.c$272$1_0$364             eeprom
     0000CFFE  A$eeprom$1299                      eeprom
     0000D001  A$eeprom$1300                      eeprom
     0000D003  A$eeprom$1301                      eeprom
     0000D006  A$eeprom$1302                      eeprom
     0000D007  A$eeprom$1305                      eeprom
     0000D007  C$eeprom.c$273$1_0$364             eeprom
     0000D009  A$eeprom$1306                      eeprom
     0000D00C  A$eeprom$1307                      eeprom
     0000D00E  A$eeprom$1308                      eeprom
     0000D011  A$eeprom$1309                      eeprom
     0000D012  A$eeprom$1312                      eeprom
     0000D012  C$eeprom.c$274$1_0$364             eeprom
     0000D014  A$eeprom$1313                      eeprom
     0000D017  A$eeprom$1314                      eeprom
     0000D019  A$eeprom$1315                      eeprom
     0000D01C  A$eeprom$1316                      eeprom
ASxxxx Linker V03.00 + NoICE + sdld,  page 280.
Hexadecimal  [32-Bits]

Area                                    Addr        Size        Decimal Bytes (Attributes)
--------------------------------        ----        ----        ------- ----- ------------
CODE                                000082B4    0000592D =       22829. bytes (REL,CON)

      Value  Global                              Global Defined In Module
      -----  --------------------------------   ------------------------
     0000D01D  A$eeprom$1319                      eeprom
     0000D01D  C$eeprom.c$276$1_0$364             eeprom
     0000D01F  A$eeprom$1320                      eeprom
     0000D022  A$eeprom$1321                      eeprom
     0000D024  A$eeprom$1322                      eeprom
     0000D027  A$eeprom$1323                      eeprom
     0000D028  A$eeprom$1326                      eeprom
     0000D028  C$eeprom.c$278$1_0$364             eeprom
     0000D02A  A$eeprom$1327                      eeprom
     0000D02D  A$eeprom$1328                      eeprom
     0000D02F  A$eeprom$1329                      eeprom
     0000D032  A$eeprom$1330                      eeprom
     0000D033  A$eeprom$1333                      eeprom
     0000D033  C$eeprom.c$279$1_0$364             eeprom
     0000D035  A$eeprom$1334                      eeprom
     0000D038  A$eeprom$1335                      eeprom
     0000D03A  A$eeprom$1336                      eeprom
     0000D03D  A$eeprom$1337                      eeprom
     0000D03E  A$eeprom$1340                      eeprom
     0000D03E  C$eeprom.c$280$1_0$364             eeprom
     0000D040  A$eeprom$1341                      eeprom
     0000D043  A$eeprom$1342                      eeprom
     0000D045  A$eeprom$1343                      eeprom
     0000D048  A$eeprom$1344                      eeprom
     0000D049  A$eeprom$1347                      eeprom
     0000D049  C$eeprom.c$282$1_0$364             eeprom
     0000D04B  A$eeprom$1348                      eeprom
     0000D04E  A$eeprom$1349                      eeprom
     0000D050  A$eeprom$1350                      eeprom
     0000D053  A$eeprom$1351                      eeprom
     0000D054  A$eeprom$1354                      eeprom
     0000D054  C$eeprom.c$283$1_0$364             eeprom
     0000D056  A$eeprom$1355                      eeprom
     0000D059  A$eeprom$1356                      eeprom
     0000D05B  A$eeprom$1357                      eeprom
     0000D05E  A$eeprom$1358                      eeprom
     0000D05F  A$eeprom$1361                      eeprom
     0000D05F  C$eeprom.c$284$1_0$364             eeprom
     0000D061  A$eeprom$1362                      eeprom
     0000D064  A$eeprom$1363                      eeprom
     0000D066  A$eeprom$1364                      eeprom
     0000D069  A$eeprom$1365                      eeprom
     0000D06A  A$eeprom$1368                      eeprom
     0000D06A  C$eeprom.c$285$1_0$364             eeprom
     0000D06C  A$eeprom$1369                      eeprom
     0000D06F  A$eeprom$1370                      eeprom
     0000D071  A$eeprom$1371                      eeprom
     0000D074  A$eeprom$1372                      eeprom
     0000D075  A$eeprom$1375                      eeprom
     0000D075  C$eeprom.c$286$1_0$364             eeprom
     0000D077  A$eeprom$1376                      eeprom
ASxxxx Linker V03.00 + NoICE + sdld,  page 281.
Hexadecimal  [32-Bits]

Area                                    Addr        Size        Decimal Bytes (Attributes)
--------------------------------        ----        ----        ------- ----- ------------
CODE                                000082B4    0000592D =       22829. bytes (REL,CON)

      Value  Global                              Global Defined In Module
      -----  --------------------------------   ------------------------
     0000D07A  A$eeprom$1377                      eeprom
     0000D07C  A$eeprom$1378                      eeprom
     0000D07F  A$eeprom$1379                      eeprom
     0000D080  A$eeprom$1382                      eeprom
     0000D080  C$eeprom.c$287$1_0$364             eeprom
     0000D082  A$eeprom$1383                      eeprom
     0000D085  A$eeprom$1384                      eeprom
     0000D087  A$eeprom$1385                      eeprom
     0000D08A  A$eeprom$1386                      eeprom
     0000D08B  A$eeprom$1389                      eeprom
     0000D08B  C$eeprom.c$288$1_0$364             eeprom
     0000D08D  A$eeprom$1390                      eeprom
     0000D090  A$eeprom$1391                      eeprom
     0000D092  A$eeprom$1392                      eeprom
     0000D095  A$eeprom$1393                      eeprom
     0000D096  A$eeprom$1396                      eeprom
     0000D096  C$eeprom.c$289$1_0$364             eeprom
     0000D098  A$eeprom$1397                      eeprom
     0000D09B  A$eeprom$1398                      eeprom
     0000D09D  A$eeprom$1399                      eeprom
     0000D0A0  A$eeprom$1400                      eeprom
     0000D0A1  A$eeprom$1403                      eeprom
     0000D0A1  C$eeprom.c$290$1_0$364             eeprom
     0000D0A3  A$eeprom$1404                      eeprom
     0000D0A6  A$eeprom$1405                      eeprom
     0000D0A8  A$eeprom$1406                      eeprom
     0000D0AC  A$eeprom$1407                      eeprom
     0000D0AF  A$eeprom$1408                      eeprom
     0000D0B0  A$eeprom$1411                      eeprom
     0000D0B0  C$eeprom.c$291$1_0$364             eeprom
     0000D0B2  A$eeprom$1412                      eeprom
     0000D0B5  A$eeprom$1413                      eeprom
     0000D0B7  A$eeprom$1414                      eeprom
     0000D0B9  A$eeprom$1415                      eeprom
     0000D0BA  A$eeprom$1418                      eeprom
     0000D0BA  C$eeprom.c$292$1_0$364             eeprom
     0000D0BC  A$eeprom$1419                      eeprom
     0000D0BE  A$eeprom$1420                      eeprom
     0000D0C0  A$eeprom$1423                      eeprom
     0000D0C2  A$eeprom$1426                      eeprom
     0000D0C2  C$eeprom.c$293$1_0$364             eeprom
     0000D0C2  XFeeprom$variables_to_array$0$0    eeprom
     0000D0C3  A$eeprom$1434                      eeprom
     0000D0C3  C$eeprom.c$298$1_0$366             eeprom
     0000D0C3  Feeprom$eeprom_write_array$0$0     eeprom
     0000D0C5  A$eeprom$1437                      eeprom
     0000D0C5  C$eeprom.c$302$1_0$366             eeprom
     0000D0C7  A$eeprom$1438                      eeprom
     0000D0CA  A$eeprom$1439                      eeprom
     0000D0CB  A$eeprom$1442                      eeprom
     0000D0CB  C$eeprom.c$304$1_0$366             eeprom
ASxxxx Linker V03.00 + NoICE + sdld,  page 282.
Hexadecimal  [32-Bits]

Area                                    Addr        Size        Decimal Bytes (Attributes)
--------------------------------        ----        ----        ------- ----- ------------
CODE                                000082B4    0000592D =       22829. bytes (REL,CON)

      Value  Global                              Global Defined In Module
      -----  --------------------------------   ------------------------
     0000D0CD  A$eeprom$1443                      eeprom
     0000D0D0  A$eeprom$1444                      eeprom
     0000D0D1  A$eeprom$1448                      eeprom
     0000D0D1  C$eeprom.c$305$1_0$366             eeprom
     0000D0D3  A$eeprom$1449                      eeprom
     0000D0D6  A$eeprom$1450                      eeprom
     0000D0D8  A$eeprom$1451                      eeprom
     0000D0D9  A$eeprom$1452                      eeprom
     0000D0DB  A$eeprom$1455                      eeprom
     0000D0DB  C$eeprom.c$307$1_0$366             eeprom
     0000D0DD  A$eeprom$1456                      eeprom
     0000D0DF  A$eeprom$1460                      eeprom
     0000D0DF  C$eeprom.c$309$3_0$369             eeprom
     0000D0E0  A$eeprom$1461                      eeprom
     0000D0E1  A$eeprom$1462                      eeprom
     0000D0E3  A$eeprom$1463                      eeprom
     0000D0E4  A$eeprom$1464                      eeprom
     0000D0E6  A$eeprom$1465                      eeprom
     0000D0E7  A$eeprom$1466                      eeprom
     0000D0EB  A$eeprom$1467                      eeprom
     0000D0ED  A$eeprom$1468                      eeprom
     0000D0EF  A$eeprom$1469                      eeprom
     0000D0F1  A$eeprom$1470                      eeprom
     0000D0F3  A$eeprom$1471                      eeprom
     0000D0F5  A$eeprom$1473                      eeprom
     0000D0F6  A$eeprom$1474                      eeprom
     0000D0F7  A$eeprom$1475                      eeprom
     0000D0F9  A$eeprom$1476                      eeprom
     0000D0FA  A$eeprom$1477                      eeprom
     0000D0FC  A$eeprom$1478                      eeprom
     0000D0FD  A$eeprom$1479                      eeprom
     0000D0FF  A$eeprom$1480                      eeprom
     0000D102  A$eeprom$1481                      eeprom
     0000D104  A$eeprom$1482                      eeprom
     0000D105  A$eeprom$1485                      eeprom
     0000D105  C$eeprom.c$307$2_0$368             eeprom
     0000D107  A$eeprom$1486                      eeprom
     0000D109  A$eeprom$1487                      eeprom
     0000D10B  A$eeprom$1488                      eeprom
     0000D10D  A$eeprom$1491                      eeprom
     0000D10D  C$eeprom.c$312$1_0$366             eeprom
     0000D10F  A$eeprom$1492                      eeprom
     0000D112  A$eeprom$1493                      eeprom
     0000D113  A$eeprom$1496                      eeprom
     0000D115  A$eeprom$1499                      eeprom
     0000D115  C$eeprom.c$313$1_0$366             eeprom
     0000D115  XFeeprom$eeprom_write_array$0$0    eeprom
     0000D116  A$lights$62                        lights
     0000D116  C$lights.c$17$0_0$346              lights
     0000D116  C$lights.c$19$1_0$346              lights
     0000D116  G$lights_init$0$0                  lights
ASxxxx Linker V03.00 + NoICE + sdld,  page 283.
Hexadecimal  [32-Bits]

Area                                    Addr        Size        Decimal Bytes (Attributes)
--------------------------------        ----        ----        ------- ----- ------------
CODE                                000082B4    0000592D =       22829. bytes (REL,CON)

      Value  Global                              Global Defined In Module
      -----  --------------------------------   ------------------------
     0000D116  _lights_init                       lights
     0000D118  A$lights$63                        lights
     0000D11A  A$lights$64                        lights
     0000D11C  A$lights$65                        lights
     0000D11E  A$lights$66                        lights
     0000D121  A$lights$67                        lights
     0000D123  A$lights$72                        lights
     0000D123  C$lights.c$22$1_0$346              lights
     0000D123  XG$lights_init$0$0                 lights
     0000D124  A$lights$82                        lights
     0000D124  C$lights.c$27$1_0$348              lights
     0000D124  C$lights.c$29$1_0$348              lights
     0000D124  G$lights_set_state$0$0             lights
     0000D124  _lights_set_state                  lights
     0000D126  A$lights$83                        lights
     0000D128  A$lights$86                        lights
     0000D128  C$lights.c$31$2_0$349              lights
     0000D12A  A$lights$87                        lights
     0000D12C  A$lights$88                        lights
     0000D12E  A$lights$89                        lights
     0000D131  A$lights$90                        lights
     0000D133  A$lights$91                        lights
     0000D135  A$lights$95                        lights
     0000D135  C$lights.c$35$2_0$350              lights
     0000D137  A$lights$96                        lights
     0000D139  A$lights$97                        lights
     0000D13B  A$lights$98                        lights
     0000D13E  A$lights$99                        lights
     0000D140  A$lights$105                       lights
     0000D140  C$lights.c$37$1_0$348              lights
     0000D140  XG$lights_set_state$0$0            lights
     0000D141  ___muluint2ulong                   
     0000D146  ___mulsint2slong                   
     0000D199  ___fsmul                           _fsmul
     0000D39F  ___fs2ulong                        _fs2ulong
     0000D3FE  ___fslt                            _fslt
     0000D4A9  __mulint                           
     0000D4C2  ___fsadd                           _fsadd
     0000D73E  __divslong                         
     0000D765  ___sint2fs                         _sint2fs
     0000D776  __divulong                         
     0000D7D0  ___uint2fs                         _uint2fs
     0000D7DC  ___fs2uint                         _fs2uint
     0000D9E0  ___fsdiv                           _fsdiv
     0000DA71  ___uchar2fs                        _uchar2fs
     0000DA80  ___fs2uchar                        _fs2uchar
     0000DA9D  __mullong                          
     0000DB19  __divsint                          
     0000DB2D  ___slong2fs                        _slong2fs
     0000DB55  ___ulong2fs                        _ulong2fs
     0000DBD6  __fast_long_neg                    

ASxxxx Linker V03.00 + NoICE + sdld,  page 284.

Files Linked                              [ module(s) ]

main.rel                                  [ main ]
../common/STM8S_StdPeriph_Lib/src/stm8s_iwdg.rel
                                          [ stm8s_iwdg ]
../common/STM8S_StdPeriph_Lib/src/stm8s_itc.rel
                                          [ stm8s_itc ]
../common/STM8S_StdPeriph_Lib/src/stm8s_clk.rel
                                          [ stm8s_clk ]
../common/STM8S_StdPeriph_Lib/src/stm8s_gpio.rel
                                          [ stm8s_gpio ]
../common/STM8S_StdPeriph_Lib/src/stm8s_uart2.rel
                                          [ stm8s_uart2 ]
../common/STM8S_StdPeriph_Lib/src/stm8s_tim1.rel
                                          [ stm8s_tim1 ]
../common/STM8S_StdPeriph_Lib/src/stm8s_tim2.rel
                                          [ stm8s_tim2 ]
../common/STM8S_StdPeriph_Lib/src/stm8s_tim3.rel
                                          [ stm8s_tim3 ]
../common/STM8S_StdPeriph_Lib/src/stm8s_exti.rel
                                          [ stm8s_exti ]
../common/STM8S_StdPeriph_Lib/src/stm8s_adc1.rel
                                          [ stm8s_adc1 ]
../common/STM8S_StdPeriph_Lib/src/stm8s_flash.rel
                                          [ stm8s_flash ]
watchdog.rel                              [ watchdog ]
torque_sensor.rel                         [ torque_sensor ]
uart.rel                                  [ uart ]
pwm.rel                                   [ pwm ]
motor.rel                                 [ motor ]
wheel_speed_sensor.rel                    [ wheel_speed_sensor ]
brake.rel                                 [ brake ]
pas.rel                                   [ pas ]
adc.rel                                   [ adc ]
timers.rel                                [ timers ]
ebike_app.rel                             [ ebike_app ]
utils.rel                                 [ utils ]
eeprom.rel                                [ eeprom ]
lights.rel                                [ lights ]


Libraries Linked                          [ object file ]

C:\Program Files\SDCC\bin\..\lib\stm8/stm8.lib
                                          [ __mulsint2slong.rel ]
C:\Program Files\SDCC\bin\..\lib\stm8/stm8.lib
                                          [ _fsmul.rel ]
C:\Program Files\SDCC\bin\..\lib\stm8/stm8.lib
                                          [ _fs2ulong.rel ]
C:\Program Files\SDCC\bin\..\lib\stm8/stm8.lib
                                          [ _fslt.rel ]
C:\Program Files\SDCC\bin\..\lib\stm8/stm8.lib
                                          [ _mulint.rel ]
C:\Program Files\SDCC\bin\..\lib\stm8/stm8.lib
                                          [ _fsadd.rel ]
C:\Program Files\SDCC\bin\..\lib\stm8/stm8.lib
                                          [ _divslong.rel ]
C:\Program Files\SDCC\bin\..\lib\stm8/stm8.lib
                                          [ _sint2fs.rel ]
C:\Program Files\SDCC\bin\..\lib\stm8/stm8.lib
                                          [ _divulong.rel ]
C:\Program Files\SDCC\bin\..\lib\stm8/stm8.lib
                                          [ _uint2fs.rel ]
C:\Program Files\SDCC\bin\..\lib\stm8/stm8.lib
                                          [ _fs2uint.rel ]
C:\Program Files\SDCC\bin\..\lib\stm8/stm8.lib
                                          [ _fsdiv.rel ]
C:\Program Files\SDCC\bin\..\lib\stm8/stm8.lib
                                          [ _uchar2fs.rel ]
C:\Program Files\SDCC\bin\..\lib\stm8/stm8.lib
                                          [ _fs2uchar.rel ]
C:\Program Files\SDCC\bin\..\lib\stm8/stm8.lib
                                          [ _mullong.rel ]
C:\Program Files\SDCC\bin\..\lib\stm8/stm8.lib
                                          [ _divsint.rel ]
C:\Program Files\SDCC\bin\..\lib\stm8/stm8.lib
                                          [ _slong2fs.rel ]
C:\Program Files\SDCC\bin\..\lib\stm8/stm8.lib
                                          [ _ulong2fs.rel ]
C:\Program Files\SDCC\bin\..\lib\stm8/stm8.lib
                                          [ _fast_long_neg.rel ]

ASxxxx Linker V03.00 + NoICE + sdld,  page 285.

User Base Address Definitions

HOME = 0x8000
DATA = 0x0001
SSEG = 0xffffffff

