                                      1 ;--------------------------------------------------------
                                      2 ; File Created by SDCC : free open source ANSI-C Compiler
                                      3 ; Version 3.8.0 #10562 (MINGW64)
                                      4 ;--------------------------------------------------------
                                      5 	.module stm8s_itc
                                      6 	.optsdcc -mstm8
                                      7 	
                                      8 ;--------------------------------------------------------
                                      9 ; Public variables in this module
                                     10 ;--------------------------------------------------------
                                     11 	.globl _ITC_GetCPUCC
                                     12 	.globl _ITC_DeInit
                                     13 	.globl _ITC_GetSoftIntStatus
                                     14 	.globl _ITC_GetSoftwarePriority
                                     15 	.globl _ITC_SetSoftwarePriority
                                     16 ;--------------------------------------------------------
                                     17 ; ram data
                                     18 ;--------------------------------------------------------
                                     19 	.area DATA
                                     20 ;--------------------------------------------------------
                                     21 ; ram data
                                     22 ;--------------------------------------------------------
                                     23 	.area INITIALIZED
                                     24 ;--------------------------------------------------------
                                     25 ; absolute external ram data
                                     26 ;--------------------------------------------------------
                                     27 	.area DABS (ABS)
                                     28 
                                     29 ; default segment ordering for linker
                                     30 	.area HOME
                                     31 	.area GSINIT
                                     32 	.area GSFINAL
                                     33 	.area CONST
                                     34 	.area INITIALIZER
                                     35 	.area CODE
                                     36 
                                     37 ;--------------------------------------------------------
                                     38 ; global & static initialisations
                                     39 ;--------------------------------------------------------
                                     40 	.area HOME
                                     41 	.area GSINIT
                                     42 	.area GSFINAL
                                     43 	.area GSINIT
                                     44 ;--------------------------------------------------------
                                     45 ; Home
                                     46 ;--------------------------------------------------------
                                     47 	.area HOME
                                     48 	.area HOME
                                     49 ;--------------------------------------------------------
                                     50 ; code
                                     51 ;--------------------------------------------------------
                                     52 	.area CODE
                           000000    53 	G$ITC_GetCPUCC$0$0 ==.
                           000000    54 	C$stm8s_itc.c$54$0_0$346 ==.
                                     55 ;	../common/STM8S_StdPeriph_Lib/src/stm8s_itc.c: 54: uint8_t ITC_GetCPUCC(void)
                                     56 ;	-----------------------------------------
                                     57 ;	 function ITC_GetCPUCC
                                     58 ;	-----------------------------------------
      000000                         59 _ITC_GetCPUCC:
                           000000    60 	C$stm8s_itc.c$63$1_0$346 ==.
                                     61 ;	../common/STM8S_StdPeriph_Lib/src/stm8s_itc.c: 63: __asm__("push cc");
      000000 8A               [ 1]   62 	push	cc
                           000001    63 	C$stm8s_itc.c$64$1_0$346 ==.
                                     64 ;	../common/STM8S_StdPeriph_Lib/src/stm8s_itc.c: 64: __asm__("pop a"); /* Ignore compiler warning, the returned value is in A register */
      000001 84               [ 1]   65 	pop	a
                           000002    66 	C$stm8s_itc.c$69$1_0$346 ==.
                                     67 ;	../common/STM8S_StdPeriph_Lib/src/stm8s_itc.c: 69: }
                           000002    68 	C$stm8s_itc.c$69$1_0$346 ==.
                           000002    69 	XG$ITC_GetCPUCC$0$0 ==.
      000002 81               [ 4]   70 	ret
                           000003    71 	G$ITC_DeInit$0$0 ==.
                           000003    72 	C$stm8s_itc.c$90$1_0$348 ==.
                                     73 ;	../common/STM8S_StdPeriph_Lib/src/stm8s_itc.c: 90: void ITC_DeInit(void)
                                     74 ;	-----------------------------------------
                                     75 ;	 function ITC_DeInit
                                     76 ;	-----------------------------------------
      000003                         77 _ITC_DeInit:
                           000003    78 	C$stm8s_itc.c$92$1_0$348 ==.
                                     79 ;	../common/STM8S_StdPeriph_Lib/src/stm8s_itc.c: 92: ITC->ISPR1 = ITC_SPRX_RESET_VALUE;
      000003 35 FF 7F 70      [ 1]   80 	mov	0x7f70+0, #0xff
                           000007    81 	C$stm8s_itc.c$93$1_0$348 ==.
                                     82 ;	../common/STM8S_StdPeriph_Lib/src/stm8s_itc.c: 93: ITC->ISPR2 = ITC_SPRX_RESET_VALUE;
      000007 35 FF 7F 71      [ 1]   83 	mov	0x7f71+0, #0xff
                           00000B    84 	C$stm8s_itc.c$94$1_0$348 ==.
                                     85 ;	../common/STM8S_StdPeriph_Lib/src/stm8s_itc.c: 94: ITC->ISPR3 = ITC_SPRX_RESET_VALUE;
      00000B 35 FF 7F 72      [ 1]   86 	mov	0x7f72+0, #0xff
                           00000F    87 	C$stm8s_itc.c$95$1_0$348 ==.
                                     88 ;	../common/STM8S_StdPeriph_Lib/src/stm8s_itc.c: 95: ITC->ISPR4 = ITC_SPRX_RESET_VALUE;
      00000F 35 FF 7F 73      [ 1]   89 	mov	0x7f73+0, #0xff
                           000013    90 	C$stm8s_itc.c$96$1_0$348 ==.
                                     91 ;	../common/STM8S_StdPeriph_Lib/src/stm8s_itc.c: 96: ITC->ISPR5 = ITC_SPRX_RESET_VALUE;
      000013 35 FF 7F 74      [ 1]   92 	mov	0x7f74+0, #0xff
                           000017    93 	C$stm8s_itc.c$97$1_0$348 ==.
                                     94 ;	../common/STM8S_StdPeriph_Lib/src/stm8s_itc.c: 97: ITC->ISPR6 = ITC_SPRX_RESET_VALUE;
      000017 35 FF 7F 75      [ 1]   95 	mov	0x7f75+0, #0xff
                           00001B    96 	C$stm8s_itc.c$98$1_0$348 ==.
                                     97 ;	../common/STM8S_StdPeriph_Lib/src/stm8s_itc.c: 98: ITC->ISPR7 = ITC_SPRX_RESET_VALUE;
      00001B 35 FF 7F 76      [ 1]   98 	mov	0x7f76+0, #0xff
                           00001F    99 	C$stm8s_itc.c$99$1_0$348 ==.
                                    100 ;	../common/STM8S_StdPeriph_Lib/src/stm8s_itc.c: 99: ITC->ISPR8 = ITC_SPRX_RESET_VALUE;
      00001F 35 FF 7F 77      [ 1]  101 	mov	0x7f77+0, #0xff
                           000023   102 	C$stm8s_itc.c$100$1_0$348 ==.
                                    103 ;	../common/STM8S_StdPeriph_Lib/src/stm8s_itc.c: 100: }
                           000023   104 	C$stm8s_itc.c$100$1_0$348 ==.
                           000023   105 	XG$ITC_DeInit$0$0 ==.
      000023 81               [ 4]  106 	ret
                           000024   107 	G$ITC_GetSoftIntStatus$0$0 ==.
                           000024   108 	C$stm8s_itc.c$107$1_0$350 ==.
                                    109 ;	../common/STM8S_StdPeriph_Lib/src/stm8s_itc.c: 107: uint8_t ITC_GetSoftIntStatus(void)
                                    110 ;	-----------------------------------------
                                    111 ;	 function ITC_GetSoftIntStatus
                                    112 ;	-----------------------------------------
      000024                        113 _ITC_GetSoftIntStatus:
                           000024   114 	C$stm8s_itc.c$109$1_0$350 ==.
                                    115 ;	../common/STM8S_StdPeriph_Lib/src/stm8s_itc.c: 109: return (uint8_t)(ITC_GetCPUCC() & CPU_CC_I1I0);
      000024 CDr00r00         [ 4]  116 	call	_ITC_GetCPUCC
      000027 A4 28            [ 1]  117 	and	a, #0x28
                           000029   118 	C$stm8s_itc.c$110$1_0$350 ==.
                                    119 ;	../common/STM8S_StdPeriph_Lib/src/stm8s_itc.c: 110: }
                           000029   120 	C$stm8s_itc.c$110$1_0$350 ==.
                           000029   121 	XG$ITC_GetSoftIntStatus$0$0 ==.
      000029 81               [ 4]  122 	ret
                           00002A   123 	G$ITC_GetSoftwarePriority$0$0 ==.
                           00002A   124 	C$stm8s_itc.c$117$1_0$352 ==.
                                    125 ;	../common/STM8S_StdPeriph_Lib/src/stm8s_itc.c: 117: ITC_PriorityLevel_TypeDef ITC_GetSoftwarePriority(ITC_Irq_TypeDef IrqNum)
                                    126 ;	-----------------------------------------
                                    127 ;	 function ITC_GetSoftwarePriority
                                    128 ;	-----------------------------------------
      00002A                        129 _ITC_GetSoftwarePriority:
      00002A 52 03            [ 2]  130 	sub	sp, #3
                           00002C   131 	C$stm8s_itc.c$119$2_0$352 ==.
                                    132 ;	../common/STM8S_StdPeriph_Lib/src/stm8s_itc.c: 119: uint8_t Value = 0;
      00002C 0F 01            [ 1]  133 	clr	(0x01, sp)
                           00002E   134 	C$stm8s_itc.c$126$1_0$352 ==.
                                    135 ;	../common/STM8S_StdPeriph_Lib/src/stm8s_itc.c: 126: Mask = (uint8_t)(0x03U << (((uint8_t)IrqNum % 4U) * 2U));
      00002E 7B 06            [ 1]  136 	ld	a, (0x06, sp)
      000030 90 5F            [ 1]  137 	clrw	y
      000032 A4 03            [ 1]  138 	and	a, #0x03
      000034 48               [ 1]  139 	sll	a
      000035 6B 02            [ 1]  140 	ld	(0x02, sp), a
      000037 A6 03            [ 1]  141 	ld	a, #0x03
      000039 6B 03            [ 1]  142 	ld	(0x03, sp), a
      00003B 7B 02            [ 1]  143 	ld	a, (0x02, sp)
      00003D 27 05            [ 1]  144 	jreq	00132$
      00003F                        145 00131$:
      00003F 08 03            [ 1]  146 	sll	(0x03, sp)
      000041 4A               [ 1]  147 	dec	a
      000042 26 FB            [ 1]  148 	jrne	00131$
      000044                        149 00132$:
                           000044   150 	C$stm8s_itc.c$128$1_0$352 ==.
                                    151 ;	../common/STM8S_StdPeriph_Lib/src/stm8s_itc.c: 128: switch (IrqNum)
      000044 7B 06            [ 1]  152 	ld	a, (0x06, sp)
      000046 A1 18            [ 1]  153 	cp	a, #0x18
      000048 23 03            [ 2]  154 	jrule	00133$
      00004A CCr00rC6         [ 2]  155 	jp	00123$
      00004D                        156 00133$:
      00004D 5F               [ 1]  157 	clrw	x
      00004E 7B 06            [ 1]  158 	ld	a, (0x06, sp)
      000050 97               [ 1]  159 	ld	xl, a
      000051 58               [ 2]  160 	sllw	x
      000052 DEu00u56         [ 2]  161 	ldw	x, (#00134$, x)
      000055 FC               [ 2]  162 	jp	(x)
      000056                        163 00134$:
      000056r00r88                  164 	.dw	#00104$
      000058r00r88                  165 	.dw	#00104$
      00005Ar00r88                  166 	.dw	#00104$
      00005Cr00r88                  167 	.dw	#00104$
      00005Er00r92                  168 	.dw	#00108$
      000060r00r92                  169 	.dw	#00108$
      000062r00r92                  170 	.dw	#00108$
      000064r00r92                  171 	.dw	#00108$
      000066r00rC6                  172 	.dw	#00123$
      000068r00rC6                  173 	.dw	#00123$
      00006Ar00r9B                  174 	.dw	#00110$
      00006Cr00r9B                  175 	.dw	#00110$
      00006Er00rA4                  176 	.dw	#00114$
      000070r00rA4                  177 	.dw	#00114$
      000072r00rA4                  178 	.dw	#00114$
      000074r00rA4                  179 	.dw	#00114$
      000076r00rAD                  180 	.dw	#00116$
      000078r00rC6                  181 	.dw	#00123$
      00007Ar00rC6                  182 	.dw	#00123$
      00007Cr00rAD                  183 	.dw	#00116$
      00007Er00rB6                  184 	.dw	#00120$
      000080r00rB6                  185 	.dw	#00120$
      000082r00rB6                  186 	.dw	#00120$
      000084r00rB6                  187 	.dw	#00120$
      000086r00rBF                  188 	.dw	#00121$
                           000088   189 	C$stm8s_itc.c$133$2_0$353 ==.
                                    190 ;	../common/STM8S_StdPeriph_Lib/src/stm8s_itc.c: 133: case ITC_IRQ_PORTA:
      000088                        191 00104$:
                           000088   192 	C$stm8s_itc.c$134$2_0$353 ==.
                                    193 ;	../common/STM8S_StdPeriph_Lib/src/stm8s_itc.c: 134: Value = (uint8_t)(ITC->ISPR1 & Mask); /* Read software priority */
      000088 C6 7F 70         [ 1]  194 	ld	a, 0x7f70
      00008B 14 03            [ 1]  195 	and	a, (0x03, sp)
      00008D 6B 01            [ 1]  196 	ld	(0x01, sp), a
                           00008F   197 	C$stm8s_itc.c$135$2_0$353 ==.
                                    198 ;	../common/STM8S_StdPeriph_Lib/src/stm8s_itc.c: 135: break;
      00008F CCr00rC6         [ 2]  199 	jp	00123$
                           000092   200 	C$stm8s_itc.c$140$2_0$353 ==.
                                    201 ;	../common/STM8S_StdPeriph_Lib/src/stm8s_itc.c: 140: case ITC_IRQ_PORTE:
      000092                        202 00108$:
                           000092   203 	C$stm8s_itc.c$141$2_0$353 ==.
                                    204 ;	../common/STM8S_StdPeriph_Lib/src/stm8s_itc.c: 141: Value = (uint8_t)(ITC->ISPR2 & Mask); /* Read software priority */
      000092 C6 7F 71         [ 1]  205 	ld	a, 0x7f71
      000095 14 03            [ 1]  206 	and	a, (0x03, sp)
      000097 6B 01            [ 1]  207 	ld	(0x01, sp), a
                           000099   208 	C$stm8s_itc.c$142$2_0$353 ==.
                                    209 ;	../common/STM8S_StdPeriph_Lib/src/stm8s_itc.c: 142: break;
      000099 20 2B            [ 2]  210 	jra	00123$
                           00009B   211 	C$stm8s_itc.c$152$2_0$353 ==.
                                    212 ;	../common/STM8S_StdPeriph_Lib/src/stm8s_itc.c: 152: case ITC_IRQ_TIM1_OVF:
      00009B                        213 00110$:
                           00009B   214 	C$stm8s_itc.c$153$2_0$353 ==.
                                    215 ;	../common/STM8S_StdPeriph_Lib/src/stm8s_itc.c: 153: Value = (uint8_t)(ITC->ISPR3 & Mask); /* Read software priority */
      00009B C6 7F 72         [ 1]  216 	ld	a, 0x7f72
      00009E 14 03            [ 1]  217 	and	a, (0x03, sp)
      0000A0 6B 01            [ 1]  218 	ld	(0x01, sp), a
                           0000A2   219 	C$stm8s_itc.c$154$2_0$353 ==.
                                    220 ;	../common/STM8S_StdPeriph_Lib/src/stm8s_itc.c: 154: break;
      0000A2 20 22            [ 2]  221 	jra	00123$
                           0000A4   222 	C$stm8s_itc.c$164$2_0$353 ==.
                                    223 ;	../common/STM8S_StdPeriph_Lib/src/stm8s_itc.c: 164: case ITC_IRQ_TIM3_OVF:
      0000A4                        224 00114$:
                           0000A4   225 	C$stm8s_itc.c$165$2_0$353 ==.
                                    226 ;	../common/STM8S_StdPeriph_Lib/src/stm8s_itc.c: 165: Value = (uint8_t)(ITC->ISPR4 & Mask); /* Read software priority */
      0000A4 C6 7F 73         [ 1]  227 	ld	a, 0x7f73
      0000A7 14 03            [ 1]  228 	and	a, (0x03, sp)
      0000A9 6B 01            [ 1]  229 	ld	(0x01, sp), a
                           0000AB   230 	C$stm8s_itc.c$166$2_0$353 ==.
                                    231 ;	../common/STM8S_StdPeriph_Lib/src/stm8s_itc.c: 166: break;
      0000AB 20 19            [ 2]  232 	jra	00123$
                           0000AD   233 	C$stm8s_itc.c$178$2_0$353 ==.
                                    234 ;	../common/STM8S_StdPeriph_Lib/src/stm8s_itc.c: 178: case ITC_IRQ_I2C:
      0000AD                        235 00116$:
                           0000AD   236 	C$stm8s_itc.c$179$2_0$353 ==.
                                    237 ;	../common/STM8S_StdPeriph_Lib/src/stm8s_itc.c: 179: Value = (uint8_t)(ITC->ISPR5 & Mask); /* Read software priority */
      0000AD C6 7F 74         [ 1]  238 	ld	a, 0x7f74
      0000B0 14 03            [ 1]  239 	and	a, (0x03, sp)
      0000B2 6B 01            [ 1]  240 	ld	(0x01, sp), a
                           0000B4   241 	C$stm8s_itc.c$180$2_0$353 ==.
                                    242 ;	../common/STM8S_StdPeriph_Lib/src/stm8s_itc.c: 180: break;
      0000B4 20 10            [ 2]  243 	jra	00123$
                           0000B6   244 	C$stm8s_itc.c$199$2_0$353 ==.
                                    245 ;	../common/STM8S_StdPeriph_Lib/src/stm8s_itc.c: 199: case ITC_IRQ_TIM4_OVF:
      0000B6                        246 00120$:
                           0000B6   247 	C$stm8s_itc.c$201$2_0$353 ==.
                                    248 ;	../common/STM8S_StdPeriph_Lib/src/stm8s_itc.c: 201: Value = (uint8_t)(ITC->ISPR6 & Mask); /* Read software priority */
      0000B6 C6 7F 75         [ 1]  249 	ld	a, 0x7f75
      0000B9 14 03            [ 1]  250 	and	a, (0x03, sp)
      0000BB 6B 01            [ 1]  251 	ld	(0x01, sp), a
                           0000BD   252 	C$stm8s_itc.c$202$2_0$353 ==.
                                    253 ;	../common/STM8S_StdPeriph_Lib/src/stm8s_itc.c: 202: break;
      0000BD 20 07            [ 2]  254 	jra	00123$
                           0000BF   255 	C$stm8s_itc.c$204$2_0$353 ==.
                                    256 ;	../common/STM8S_StdPeriph_Lib/src/stm8s_itc.c: 204: case ITC_IRQ_EEPROM_EEC:
      0000BF                        257 00121$:
                           0000BF   258 	C$stm8s_itc.c$205$2_0$353 ==.
                                    259 ;	../common/STM8S_StdPeriph_Lib/src/stm8s_itc.c: 205: Value = (uint8_t)(ITC->ISPR7 & Mask); /* Read software priority */
      0000BF C6 7F 76         [ 1]  260 	ld	a, 0x7f76
      0000C2 14 03            [ 1]  261 	and	a, (0x03, sp)
      0000C4 6B 01            [ 1]  262 	ld	(0x01, sp), a
                           0000C6   263 	C$stm8s_itc.c$210$1_0$352 ==.
                                    264 ;	../common/STM8S_StdPeriph_Lib/src/stm8s_itc.c: 210: }
      0000C6                        265 00123$:
                           0000C6   266 	C$stm8s_itc.c$212$1_0$352 ==.
                                    267 ;	../common/STM8S_StdPeriph_Lib/src/stm8s_itc.c: 212: Value >>= (uint8_t)(((uint8_t)IrqNum % 4u) * 2u);
      0000C6 7B 01            [ 1]  268 	ld	a, (0x01, sp)
      0000C8 88               [ 1]  269 	push	a
      0000C9 7B 03            [ 1]  270 	ld	a, (0x03, sp)
      0000CB 27 05            [ 1]  271 	jreq	00136$
      0000CD                        272 00135$:
      0000CD 04 01            [ 1]  273 	srl	(1, sp)
      0000CF 4A               [ 1]  274 	dec	a
      0000D0 26 FB            [ 1]  275 	jrne	00135$
      0000D2                        276 00136$:
      0000D2 84               [ 1]  277 	pop	a
                           0000D3   278 	C$stm8s_itc.c$214$1_0$352 ==.
                                    279 ;	../common/STM8S_StdPeriph_Lib/src/stm8s_itc.c: 214: return((ITC_PriorityLevel_TypeDef)Value);
                           0000D3   280 	C$stm8s_itc.c$215$1_0$352 ==.
                                    281 ;	../common/STM8S_StdPeriph_Lib/src/stm8s_itc.c: 215: }
      0000D3 5B 03            [ 2]  282 	addw	sp, #3
                           0000D5   283 	C$stm8s_itc.c$215$1_0$352 ==.
                           0000D5   284 	XG$ITC_GetSoftwarePriority$0$0 ==.
      0000D5 81               [ 4]  285 	ret
                           0000D6   286 	G$ITC_SetSoftwarePriority$0$0 ==.
                           0000D6   287 	C$stm8s_itc.c$230$1_0$355 ==.
                                    288 ;	../common/STM8S_StdPeriph_Lib/src/stm8s_itc.c: 230: void ITC_SetSoftwarePriority(ITC_Irq_TypeDef IrqNum, ITC_PriorityLevel_TypeDef PriorityValue)
                                    289 ;	-----------------------------------------
                                    290 ;	 function ITC_SetSoftwarePriority
                                    291 ;	-----------------------------------------
      0000D6                        292 _ITC_SetSoftwarePriority:
      0000D6 52 02            [ 2]  293 	sub	sp, #2
                           0000D8   294 	C$stm8s_itc.c$244$1_0$355 ==.
                                    295 ;	../common/STM8S_StdPeriph_Lib/src/stm8s_itc.c: 244: Mask = (uint8_t)(~(uint8_t)(0x03U << (((uint8_t)IrqNum % 4U) * 2U)));
      0000D8 7B 05            [ 1]  296 	ld	a, (0x05, sp)
      0000DA 90 5F            [ 1]  297 	clrw	y
      0000DC A4 03            [ 1]  298 	and	a, #0x03
      0000DE 97               [ 1]  299 	ld	xl, a
      0000DF 58               [ 2]  300 	sllw	x
      0000E0 A6 03            [ 1]  301 	ld	a, #0x03
      0000E2 88               [ 1]  302 	push	a
      0000E3 9F               [ 1]  303 	ld	a, xl
      0000E4 4D               [ 1]  304 	tnz	a
      0000E5 27 05            [ 1]  305 	jreq	00131$
      0000E7                        306 00130$:
      0000E7 08 01            [ 1]  307 	sll	(1, sp)
      0000E9 4A               [ 1]  308 	dec	a
      0000EA 26 FB            [ 1]  309 	jrne	00130$
      0000EC                        310 00131$:
      0000EC 84               [ 1]  311 	pop	a
      0000ED 43               [ 1]  312 	cpl	a
      0000EE 6B 01            [ 1]  313 	ld	(0x01, sp), a
                           0000F0   314 	C$stm8s_itc.c$247$1_0$355 ==.
                                    315 ;	../common/STM8S_StdPeriph_Lib/src/stm8s_itc.c: 247: NewPriority = (uint8_t)((uint8_t)(PriorityValue) << (((uint8_t)IrqNum % 4U) * 2U));
      0000F0 7B 06            [ 1]  316 	ld	a, (0x06, sp)
      0000F2 88               [ 1]  317 	push	a
      0000F3 9F               [ 1]  318 	ld	a, xl
      0000F4 4D               [ 1]  319 	tnz	a
      0000F5 27 05            [ 1]  320 	jreq	00133$
      0000F7                        321 00132$:
      0000F7 08 01            [ 1]  322 	sll	(1, sp)
      0000F9 4A               [ 1]  323 	dec	a
      0000FA 26 FB            [ 1]  324 	jrne	00132$
      0000FC                        325 00133$:
      0000FC 84               [ 1]  326 	pop	a
      0000FD 6B 02            [ 1]  327 	ld	(0x02, sp), a
                           0000FF   328 	C$stm8s_itc.c$249$1_0$355 ==.
                                    329 ;	../common/STM8S_StdPeriph_Lib/src/stm8s_itc.c: 249: switch (IrqNum)
      0000FF 7B 05            [ 1]  330 	ld	a, (0x05, sp)
      000101 A1 18            [ 1]  331 	cp	a, #0x18
      000103 23 03            [ 2]  332 	jrule	00134$
      000105 CCr01rC2         [ 2]  333 	jp	00124$
      000108                        334 00134$:
      000108 5F               [ 1]  335 	clrw	x
      000109 7B 05            [ 1]  336 	ld	a, (0x05, sp)
      00010B 97               [ 1]  337 	ld	xl, a
      00010C 58               [ 2]  338 	sllw	x
      00010D DEu01u11         [ 2]  339 	ldw	x, (#00135$, x)
      000110 FC               [ 2]  340 	jp	(x)
      000111                        341 00135$:
      000111r01r43                  342 	.dw	#00104$
      000113r01r43                  343 	.dw	#00104$
      000115r01r43                  344 	.dw	#00104$
      000117r01r43                  345 	.dw	#00104$
      000119r01r56                  346 	.dw	#00108$
      00011Br01r56                  347 	.dw	#00108$
      00011Dr01r56                  348 	.dw	#00108$
      00011Fr01r56                  349 	.dw	#00108$
      000121r01rC2                  350 	.dw	#00124$
      000123r01rC2                  351 	.dw	#00124$
      000125r01r69                  352 	.dw	#00110$
      000127r01r69                  353 	.dw	#00110$
      000129r01r7C                  354 	.dw	#00114$
      00012Br01r7C                  355 	.dw	#00114$
      00012Dr01r7C                  356 	.dw	#00114$
      00012Fr01r7C                  357 	.dw	#00114$
      000131r01r8E                  358 	.dw	#00116$
      000133r01rC2                  359 	.dw	#00124$
      000135r01rC2                  360 	.dw	#00124$
      000137r01r8E                  361 	.dw	#00116$
      000139r01rA0                  362 	.dw	#00120$
      00013Br01rA0                  363 	.dw	#00120$
      00013Dr01rA0                  364 	.dw	#00120$
      00013Fr01rA0                  365 	.dw	#00120$
      000141r01rB2                  366 	.dw	#00121$
                           000143   367 	C$stm8s_itc.c$254$2_0$356 ==.
                                    368 ;	../common/STM8S_StdPeriph_Lib/src/stm8s_itc.c: 254: case ITC_IRQ_PORTA:
      000143                        369 00104$:
                           000143   370 	C$stm8s_itc.c$255$2_0$356 ==.
                                    371 ;	../common/STM8S_StdPeriph_Lib/src/stm8s_itc.c: 255: ITC->ISPR1 &= Mask;
      000143 C6 7F 70         [ 1]  372 	ld	a, 0x7f70
      000146 14 01            [ 1]  373 	and	a, (0x01, sp)
      000148 C7 7F 70         [ 1]  374 	ld	0x7f70, a
                           00014B   375 	C$stm8s_itc.c$256$2_0$356 ==.
                                    376 ;	../common/STM8S_StdPeriph_Lib/src/stm8s_itc.c: 256: ITC->ISPR1 |= NewPriority;
      00014B C6 7F 70         [ 1]  377 	ld	a, 0x7f70
      00014E 1A 02            [ 1]  378 	or	a, (0x02, sp)
      000150 C7 7F 70         [ 1]  379 	ld	0x7f70, a
                           000153   380 	C$stm8s_itc.c$257$2_0$356 ==.
                                    381 ;	../common/STM8S_StdPeriph_Lib/src/stm8s_itc.c: 257: break;
      000153 CCr01rC2         [ 2]  382 	jp	00124$
                           000156   383 	C$stm8s_itc.c$262$2_0$356 ==.
                                    384 ;	../common/STM8S_StdPeriph_Lib/src/stm8s_itc.c: 262: case ITC_IRQ_PORTE:
      000156                        385 00108$:
                           000156   386 	C$stm8s_itc.c$263$2_0$356 ==.
                                    387 ;	../common/STM8S_StdPeriph_Lib/src/stm8s_itc.c: 263: ITC->ISPR2 &= Mask;
      000156 C6 7F 71         [ 1]  388 	ld	a, 0x7f71
      000159 14 01            [ 1]  389 	and	a, (0x01, sp)
      00015B C7 7F 71         [ 1]  390 	ld	0x7f71, a
                           00015E   391 	C$stm8s_itc.c$264$2_0$356 ==.
                                    392 ;	../common/STM8S_StdPeriph_Lib/src/stm8s_itc.c: 264: ITC->ISPR2 |= NewPriority;
      00015E C6 7F 71         [ 1]  393 	ld	a, 0x7f71
      000161 1A 02            [ 1]  394 	or	a, (0x02, sp)
      000163 C7 7F 71         [ 1]  395 	ld	0x7f71, a
                           000166   396 	C$stm8s_itc.c$265$2_0$356 ==.
                                    397 ;	../common/STM8S_StdPeriph_Lib/src/stm8s_itc.c: 265: break;
      000166 CCr01rC2         [ 2]  398 	jp	00124$
                           000169   399 	C$stm8s_itc.c$275$2_0$356 ==.
                                    400 ;	../common/STM8S_StdPeriph_Lib/src/stm8s_itc.c: 275: case ITC_IRQ_TIM1_OVF:
      000169                        401 00110$:
                           000169   402 	C$stm8s_itc.c$276$2_0$356 ==.
                                    403 ;	../common/STM8S_StdPeriph_Lib/src/stm8s_itc.c: 276: ITC->ISPR3 &= Mask;
      000169 C6 7F 72         [ 1]  404 	ld	a, 0x7f72
      00016C 14 01            [ 1]  405 	and	a, (0x01, sp)
      00016E C7 7F 72         [ 1]  406 	ld	0x7f72, a
                           000171   407 	C$stm8s_itc.c$277$2_0$356 ==.
                                    408 ;	../common/STM8S_StdPeriph_Lib/src/stm8s_itc.c: 277: ITC->ISPR3 |= NewPriority;
      000171 C6 7F 72         [ 1]  409 	ld	a, 0x7f72
      000174 1A 02            [ 1]  410 	or	a, (0x02, sp)
      000176 C7 7F 72         [ 1]  411 	ld	0x7f72, a
                           000179   412 	C$stm8s_itc.c$278$2_0$356 ==.
                                    413 ;	../common/STM8S_StdPeriph_Lib/src/stm8s_itc.c: 278: break;
      000179 CCr01rC2         [ 2]  414 	jp	00124$
                           00017C   415 	C$stm8s_itc.c$288$2_0$356 ==.
                                    416 ;	../common/STM8S_StdPeriph_Lib/src/stm8s_itc.c: 288: case ITC_IRQ_TIM3_OVF:
      00017C                        417 00114$:
                           00017C   418 	C$stm8s_itc.c$289$2_0$356 ==.
                                    419 ;	../common/STM8S_StdPeriph_Lib/src/stm8s_itc.c: 289: ITC->ISPR4 &= Mask;
      00017C C6 7F 73         [ 1]  420 	ld	a, 0x7f73
      00017F 14 01            [ 1]  421 	and	a, (0x01, sp)
      000181 C7 7F 73         [ 1]  422 	ld	0x7f73, a
                           000184   423 	C$stm8s_itc.c$290$2_0$356 ==.
                                    424 ;	../common/STM8S_StdPeriph_Lib/src/stm8s_itc.c: 290: ITC->ISPR4 |= NewPriority;
      000184 C6 7F 73         [ 1]  425 	ld	a, 0x7f73
      000187 1A 02            [ 1]  426 	or	a, (0x02, sp)
      000189 C7 7F 73         [ 1]  427 	ld	0x7f73, a
                           00018C   428 	C$stm8s_itc.c$291$2_0$356 ==.
                                    429 ;	../common/STM8S_StdPeriph_Lib/src/stm8s_itc.c: 291: break;
      00018C 20 34            [ 2]  430 	jra	00124$
                           00018E   431 	C$stm8s_itc.c$303$2_0$356 ==.
                                    432 ;	../common/STM8S_StdPeriph_Lib/src/stm8s_itc.c: 303: case ITC_IRQ_I2C:
      00018E                        433 00116$:
                           00018E   434 	C$stm8s_itc.c$304$2_0$356 ==.
                                    435 ;	../common/STM8S_StdPeriph_Lib/src/stm8s_itc.c: 304: ITC->ISPR5 &= Mask;
      00018E C6 7F 74         [ 1]  436 	ld	a, 0x7f74
      000191 14 01            [ 1]  437 	and	a, (0x01, sp)
      000193 C7 7F 74         [ 1]  438 	ld	0x7f74, a
                           000196   439 	C$stm8s_itc.c$305$2_0$356 ==.
                                    440 ;	../common/STM8S_StdPeriph_Lib/src/stm8s_itc.c: 305: ITC->ISPR5 |= NewPriority;
      000196 C6 7F 74         [ 1]  441 	ld	a, 0x7f74
      000199 1A 02            [ 1]  442 	or	a, (0x02, sp)
      00019B C7 7F 74         [ 1]  443 	ld	0x7f74, a
                           00019E   444 	C$stm8s_itc.c$306$2_0$356 ==.
                                    445 ;	../common/STM8S_StdPeriph_Lib/src/stm8s_itc.c: 306: break;
      00019E 20 22            [ 2]  446 	jra	00124$
                           0001A0   447 	C$stm8s_itc.c$328$2_0$356 ==.
                                    448 ;	../common/STM8S_StdPeriph_Lib/src/stm8s_itc.c: 328: case ITC_IRQ_TIM4_OVF:
      0001A0                        449 00120$:
                           0001A0   450 	C$stm8s_itc.c$330$2_0$356 ==.
                                    451 ;	../common/STM8S_StdPeriph_Lib/src/stm8s_itc.c: 330: ITC->ISPR6 &= Mask;
      0001A0 C6 7F 75         [ 1]  452 	ld	a, 0x7f75
      0001A3 14 01            [ 1]  453 	and	a, (0x01, sp)
      0001A5 C7 7F 75         [ 1]  454 	ld	0x7f75, a
                           0001A8   455 	C$stm8s_itc.c$331$2_0$356 ==.
                                    456 ;	../common/STM8S_StdPeriph_Lib/src/stm8s_itc.c: 331: ITC->ISPR6 |= NewPriority;
      0001A8 C6 7F 75         [ 1]  457 	ld	a, 0x7f75
      0001AB 1A 02            [ 1]  458 	or	a, (0x02, sp)
      0001AD C7 7F 75         [ 1]  459 	ld	0x7f75, a
                           0001B0   460 	C$stm8s_itc.c$332$2_0$356 ==.
                                    461 ;	../common/STM8S_StdPeriph_Lib/src/stm8s_itc.c: 332: break;
      0001B0 20 10            [ 2]  462 	jra	00124$
                           0001B2   463 	C$stm8s_itc.c$334$2_0$356 ==.
                                    464 ;	../common/STM8S_StdPeriph_Lib/src/stm8s_itc.c: 334: case ITC_IRQ_EEPROM_EEC:
      0001B2                        465 00121$:
                           0001B2   466 	C$stm8s_itc.c$335$2_0$356 ==.
                                    467 ;	../common/STM8S_StdPeriph_Lib/src/stm8s_itc.c: 335: ITC->ISPR7 &= Mask;
      0001B2 C6 7F 76         [ 1]  468 	ld	a, 0x7f76
      0001B5 14 01            [ 1]  469 	and	a, (0x01, sp)
      0001B7 C7 7F 76         [ 1]  470 	ld	0x7f76, a
                           0001BA   471 	C$stm8s_itc.c$336$2_0$356 ==.
                                    472 ;	../common/STM8S_StdPeriph_Lib/src/stm8s_itc.c: 336: ITC->ISPR7 |= NewPriority;
      0001BA C6 7F 76         [ 1]  473 	ld	a, 0x7f76
      0001BD 1A 02            [ 1]  474 	or	a, (0x02, sp)
      0001BF C7 7F 76         [ 1]  475 	ld	0x7f76, a
                           0001C2   476 	C$stm8s_itc.c$341$1_0$355 ==.
                                    477 ;	../common/STM8S_StdPeriph_Lib/src/stm8s_itc.c: 341: }
      0001C2                        478 00124$:
                           0001C2   479 	C$stm8s_itc.c$342$1_0$355 ==.
                                    480 ;	../common/STM8S_StdPeriph_Lib/src/stm8s_itc.c: 342: }
      0001C2 5B 02            [ 2]  481 	addw	sp, #2
                           0001C4   482 	C$stm8s_itc.c$342$1_0$355 ==.
                           0001C4   483 	XG$ITC_SetSoftwarePriority$0$0 ==.
      0001C4 81               [ 4]  484 	ret
                                    485 	.area CODE
                                    486 	.area CONST
                                    487 	.area INITIALIZER
                                    488 	.area CABS (ABS)
