                                      1 ;--------------------------------------------------------
                                      2 ; File Created by SDCC : free open source ANSI-C Compiler
                                      3 ; Version 3.9.4 #11422 (MINGW64)
                                      4 ;--------------------------------------------------------
                                      5 	.module stm8s_exti
                                      6 	.optsdcc -mstm8
                                      7 	
                                      8 ;--------------------------------------------------------
                                      9 ; Public variables in this module
                                     10 ;--------------------------------------------------------
                                     11 	.globl _EXTI_DeInit
                                     12 	.globl _EXTI_SetExtIntSensitivity
                                     13 	.globl _EXTI_SetTLISensitivity
                                     14 	.globl _EXTI_GetExtIntSensitivity
                                     15 	.globl _EXTI_GetTLISensitivity
                                     16 ;--------------------------------------------------------
                                     17 ; ram data
                                     18 ;--------------------------------------------------------
                                     19 	.area DATA
                                     20 ;--------------------------------------------------------
                                     21 ; ram data
                                     22 ;--------------------------------------------------------
                                     23 	.area INITIALIZED
                                     24 ;--------------------------------------------------------
                                     25 ; absolute external ram data
                                     26 ;--------------------------------------------------------
                                     27 	.area DABS (ABS)
                                     28 
                                     29 ; default segment ordering for linker
                                     30 	.area HOME
                                     31 	.area GSINIT
                                     32 	.area GSFINAL
                                     33 	.area CONST
                                     34 	.area INITIALIZER
                                     35 	.area CODE
                                     36 
                                     37 ;--------------------------------------------------------
                                     38 ; global & static initialisations
                                     39 ;--------------------------------------------------------
                                     40 	.area HOME
                                     41 	.area GSINIT
                                     42 	.area GSFINAL
                                     43 	.area GSINIT
                                     44 ;--------------------------------------------------------
                                     45 ; Home
                                     46 ;--------------------------------------------------------
                                     47 	.area HOME
                                     48 	.area HOME
                                     49 ;--------------------------------------------------------
                                     50 ; code
                                     51 ;--------------------------------------------------------
                                     52 	.area CODE
                           000000    53 	G$EXTI_DeInit$0$0 ==.
                           000000    54 	C$stm8s_exti.c$53$0_0$346 ==.
                                     55 ;	../common/STM8S_StdPeriph_Lib/src/stm8s_exti.c: 53: void EXTI_DeInit(void)
                                     56 ;	-----------------------------------------
                                     57 ;	 function EXTI_DeInit
                                     58 ;	-----------------------------------------
      000000                         59 _EXTI_DeInit:
                           000000    60 	C$stm8s_exti.c$55$1_0$346 ==.
                                     61 ;	../common/STM8S_StdPeriph_Lib/src/stm8s_exti.c: 55: EXTI->CR1 = EXTI_CR1_RESET_VALUE;
      000000 35 00 50 A0      [ 1]   62 	mov	0x50a0+0, #0x00
                           000004    63 	C$stm8s_exti.c$56$1_0$346 ==.
                                     64 ;	../common/STM8S_StdPeriph_Lib/src/stm8s_exti.c: 56: EXTI->CR2 = EXTI_CR2_RESET_VALUE;
      000004 35 00 50 A1      [ 1]   65 	mov	0x50a1+0, #0x00
                           000008    66 	C$stm8s_exti.c$57$1_0$346 ==.
                                     67 ;	../common/STM8S_StdPeriph_Lib/src/stm8s_exti.c: 57: }
                           000008    68 	C$stm8s_exti.c$57$1_0$346 ==.
                           000008    69 	XG$EXTI_DeInit$0$0 ==.
      000008 81               [ 4]   70 	ret
                           000009    71 	G$EXTI_SetExtIntSensitivity$0$0 ==.
                           000009    72 	C$stm8s_exti.c$70$1_0$348 ==.
                                     73 ;	../common/STM8S_StdPeriph_Lib/src/stm8s_exti.c: 70: void EXTI_SetExtIntSensitivity(EXTI_Port_TypeDef Port, EXTI_Sensitivity_TypeDef SensitivityValue)
                                     74 ;	-----------------------------------------
                                     75 ;	 function EXTI_SetExtIntSensitivity
                                     76 ;	-----------------------------------------
      000009                         77 _EXTI_SetExtIntSensitivity:
      000009 88               [ 1]   78 	push	a
                           00000A    79 	C$stm8s_exti.c$77$1_0$348 ==.
                                     80 ;	../common/STM8S_StdPeriph_Lib/src/stm8s_exti.c: 77: switch (Port)
      00000A 7B 04            [ 1]   81 	ld	a, (0x04, sp)
      00000C A1 04            [ 1]   82 	cp	a, #0x04
      00000E 23 03            [ 2]   83 	jrule	00114$
      000010 CCr00r96         [ 2]   84 	jp	00108$
      000013                         85 00114$:
      000013 5F               [ 1]   86 	clrw	x
      000014 7B 04            [ 1]   87 	ld	a, (0x04, sp)
      000016 97               [ 1]   88 	ld	xl, a
      000017 58               [ 2]   89 	sllw	x
      000018 DEu00u1C         [ 2]   90 	ldw	x, (#00115$, x)
      00001B FC               [ 2]   91 	jp	(x)
      00001C                         92 00115$:
      00001Cr00r26                   93 	.dw	#00101$
      00001Er00r39                   94 	.dw	#00102$
      000020r00r52                   95 	.dw	#00103$
      000022r00r6B                   96 	.dw	#00104$
      000024r00r86                   97 	.dw	#00105$
                           000026    98 	C$stm8s_exti.c$79$2_0$349 ==.
                                     99 ;	../common/STM8S_StdPeriph_Lib/src/stm8s_exti.c: 79: case EXTI_PORT_GPIOA:
      000026                        100 00101$:
                           000026   101 	C$stm8s_exti.c$80$2_0$349 ==.
                                    102 ;	../common/STM8S_StdPeriph_Lib/src/stm8s_exti.c: 80: EXTI->CR1 &= (uint8_t)(~EXTI_CR1_PAIS);
      000026 C6 50 A0         [ 1]  103 	ld	a, 0x50a0
      000029 A4 FC            [ 1]  104 	and	a, #0xfc
      00002B C7 50 A0         [ 1]  105 	ld	0x50a0, a
                           00002E   106 	C$stm8s_exti.c$81$2_0$349 ==.
                                    107 ;	../common/STM8S_StdPeriph_Lib/src/stm8s_exti.c: 81: EXTI->CR1 |= (uint8_t)(SensitivityValue);
      00002E C6 50 A0         [ 1]  108 	ld	a, 0x50a0
      000031 1A 05            [ 1]  109 	or	a, (0x05, sp)
      000033 C7 50 A0         [ 1]  110 	ld	0x50a0, a
                           000036   111 	C$stm8s_exti.c$82$2_0$349 ==.
                                    112 ;	../common/STM8S_StdPeriph_Lib/src/stm8s_exti.c: 82: break;
      000036 CCr00r96         [ 2]  113 	jp	00108$
                           000039   114 	C$stm8s_exti.c$83$2_0$349 ==.
                                    115 ;	../common/STM8S_StdPeriph_Lib/src/stm8s_exti.c: 83: case EXTI_PORT_GPIOB:
      000039                        116 00102$:
                           000039   117 	C$stm8s_exti.c$84$2_0$349 ==.
                                    118 ;	../common/STM8S_StdPeriph_Lib/src/stm8s_exti.c: 84: EXTI->CR1 &= (uint8_t)(~EXTI_CR1_PBIS);
      000039 C6 50 A0         [ 1]  119 	ld	a, 0x50a0
      00003C A4 F3            [ 1]  120 	and	a, #0xf3
      00003E C7 50 A0         [ 1]  121 	ld	0x50a0, a
                           000041   122 	C$stm8s_exti.c$85$2_0$349 ==.
                                    123 ;	../common/STM8S_StdPeriph_Lib/src/stm8s_exti.c: 85: EXTI->CR1 |= (uint8_t)((uint8_t)(SensitivityValue) << 2);
      000041 C6 50 A0         [ 1]  124 	ld	a, 0x50a0
      000044 6B 01            [ 1]  125 	ld	(0x01, sp), a
      000046 7B 05            [ 1]  126 	ld	a, (0x05, sp)
      000048 48               [ 1]  127 	sll	a
      000049 48               [ 1]  128 	sll	a
      00004A 1A 01            [ 1]  129 	or	a, (0x01, sp)
      00004C C7 50 A0         [ 1]  130 	ld	0x50a0, a
                           00004F   131 	C$stm8s_exti.c$86$2_0$349 ==.
                                    132 ;	../common/STM8S_StdPeriph_Lib/src/stm8s_exti.c: 86: break;
      00004F CCr00r96         [ 2]  133 	jp	00108$
                           000052   134 	C$stm8s_exti.c$87$2_0$349 ==.
                                    135 ;	../common/STM8S_StdPeriph_Lib/src/stm8s_exti.c: 87: case EXTI_PORT_GPIOC:
      000052                        136 00103$:
                           000052   137 	C$stm8s_exti.c$88$2_0$349 ==.
                                    138 ;	../common/STM8S_StdPeriph_Lib/src/stm8s_exti.c: 88: EXTI->CR1 &= (uint8_t)(~EXTI_CR1_PCIS);
      000052 C6 50 A0         [ 1]  139 	ld	a, 0x50a0
      000055 A4 CF            [ 1]  140 	and	a, #0xcf
      000057 C7 50 A0         [ 1]  141 	ld	0x50a0, a
                           00005A   142 	C$stm8s_exti.c$89$2_0$349 ==.
                                    143 ;	../common/STM8S_StdPeriph_Lib/src/stm8s_exti.c: 89: EXTI->CR1 |= (uint8_t)((uint8_t)(SensitivityValue) << 4);
      00005A C6 50 A0         [ 1]  144 	ld	a, 0x50a0
      00005D 6B 01            [ 1]  145 	ld	(0x01, sp), a
      00005F 7B 05            [ 1]  146 	ld	a, (0x05, sp)
      000061 4E               [ 1]  147 	swap	a
      000062 A4 F0            [ 1]  148 	and	a, #0xf0
      000064 1A 01            [ 1]  149 	or	a, (0x01, sp)
      000066 C7 50 A0         [ 1]  150 	ld	0x50a0, a
                           000069   151 	C$stm8s_exti.c$90$2_0$349 ==.
                                    152 ;	../common/STM8S_StdPeriph_Lib/src/stm8s_exti.c: 90: break;
      000069 20 2B            [ 2]  153 	jra	00108$
                           00006B   154 	C$stm8s_exti.c$91$2_0$349 ==.
                                    155 ;	../common/STM8S_StdPeriph_Lib/src/stm8s_exti.c: 91: case EXTI_PORT_GPIOD:
      00006B                        156 00104$:
                           00006B   157 	C$stm8s_exti.c$92$2_0$349 ==.
                                    158 ;	../common/STM8S_StdPeriph_Lib/src/stm8s_exti.c: 92: EXTI->CR1 &= (uint8_t)(~EXTI_CR1_PDIS);
      00006B C6 50 A0         [ 1]  159 	ld	a, 0x50a0
      00006E A4 3F            [ 1]  160 	and	a, #0x3f
      000070 C7 50 A0         [ 1]  161 	ld	0x50a0, a
                           000073   162 	C$stm8s_exti.c$93$2_0$349 ==.
                                    163 ;	../common/STM8S_StdPeriph_Lib/src/stm8s_exti.c: 93: EXTI->CR1 |= (uint8_t)((uint8_t)(SensitivityValue) << 6);
      000073 C6 50 A0         [ 1]  164 	ld	a, 0x50a0
      000076 6B 01            [ 1]  165 	ld	(0x01, sp), a
      000078 7B 05            [ 1]  166 	ld	a, (0x05, sp)
      00007A 4E               [ 1]  167 	swap	a
      00007B A4 F0            [ 1]  168 	and	a, #0xf0
      00007D 48               [ 1]  169 	sll	a
      00007E 48               [ 1]  170 	sll	a
      00007F 1A 01            [ 1]  171 	or	a, (0x01, sp)
      000081 C7 50 A0         [ 1]  172 	ld	0x50a0, a
                           000084   173 	C$stm8s_exti.c$94$2_0$349 ==.
                                    174 ;	../common/STM8S_StdPeriph_Lib/src/stm8s_exti.c: 94: break;
      000084 20 10            [ 2]  175 	jra	00108$
                           000086   176 	C$stm8s_exti.c$95$2_0$349 ==.
                                    177 ;	../common/STM8S_StdPeriph_Lib/src/stm8s_exti.c: 95: case EXTI_PORT_GPIOE:
      000086                        178 00105$:
                           000086   179 	C$stm8s_exti.c$96$2_0$349 ==.
                                    180 ;	../common/STM8S_StdPeriph_Lib/src/stm8s_exti.c: 96: EXTI->CR2 &= (uint8_t)(~EXTI_CR2_PEIS);
      000086 C6 50 A1         [ 1]  181 	ld	a, 0x50a1
      000089 A4 FC            [ 1]  182 	and	a, #0xfc
      00008B C7 50 A1         [ 1]  183 	ld	0x50a1, a
                           00008E   184 	C$stm8s_exti.c$97$2_0$349 ==.
                                    185 ;	../common/STM8S_StdPeriph_Lib/src/stm8s_exti.c: 97: EXTI->CR2 |= (uint8_t)(SensitivityValue);
      00008E C6 50 A1         [ 1]  186 	ld	a, 0x50a1
      000091 1A 05            [ 1]  187 	or	a, (0x05, sp)
      000093 C7 50 A1         [ 1]  188 	ld	0x50a1, a
                           000096   189 	C$stm8s_exti.c$101$1_0$348 ==.
                                    190 ;	../common/STM8S_StdPeriph_Lib/src/stm8s_exti.c: 101: }
      000096                        191 00108$:
                           000096   192 	C$stm8s_exti.c$102$1_0$348 ==.
                                    193 ;	../common/STM8S_StdPeriph_Lib/src/stm8s_exti.c: 102: }
      000096 84               [ 1]  194 	pop	a
                           000097   195 	C$stm8s_exti.c$102$1_0$348 ==.
                           000097   196 	XG$EXTI_SetExtIntSensitivity$0$0 ==.
      000097 81               [ 4]  197 	ret
                           000098   198 	G$EXTI_SetTLISensitivity$0$0 ==.
                           000098   199 	C$stm8s_exti.c$111$1_0$351 ==.
                                    200 ;	../common/STM8S_StdPeriph_Lib/src/stm8s_exti.c: 111: void EXTI_SetTLISensitivity(EXTI_TLISensitivity_TypeDef SensitivityValue)
                                    201 ;	-----------------------------------------
                                    202 ;	 function EXTI_SetTLISensitivity
                                    203 ;	-----------------------------------------
      000098                        204 _EXTI_SetTLISensitivity:
                           000098   205 	C$stm8s_exti.c$117$1_0$351 ==.
                                    206 ;	../common/STM8S_StdPeriph_Lib/src/stm8s_exti.c: 117: EXTI->CR2 &= (uint8_t)(~EXTI_CR2_TLIS);
      000098 C6 50 A1         [ 1]  207 	ld	a, 0x50a1
      00009B A4 FB            [ 1]  208 	and	a, #0xfb
      00009D C7 50 A1         [ 1]  209 	ld	0x50a1, a
                           0000A0   210 	C$stm8s_exti.c$118$1_0$351 ==.
                                    211 ;	../common/STM8S_StdPeriph_Lib/src/stm8s_exti.c: 118: EXTI->CR2 |= (uint8_t)(SensitivityValue);
      0000A0 C6 50 A1         [ 1]  212 	ld	a, 0x50a1
      0000A3 1A 03            [ 1]  213 	or	a, (0x03, sp)
      0000A5 C7 50 A1         [ 1]  214 	ld	0x50a1, a
                           0000A8   215 	C$stm8s_exti.c$119$1_0$351 ==.
                                    216 ;	../common/STM8S_StdPeriph_Lib/src/stm8s_exti.c: 119: }
                           0000A8   217 	C$stm8s_exti.c$119$1_0$351 ==.
                           0000A8   218 	XG$EXTI_SetTLISensitivity$0$0 ==.
      0000A8 81               [ 4]  219 	ret
                           0000A9   220 	G$EXTI_GetExtIntSensitivity$0$0 ==.
                           0000A9   221 	C$stm8s_exti.c$126$1_0$353 ==.
                                    222 ;	../common/STM8S_StdPeriph_Lib/src/stm8s_exti.c: 126: EXTI_Sensitivity_TypeDef EXTI_GetExtIntSensitivity(EXTI_Port_TypeDef Port)
                                    223 ;	-----------------------------------------
                                    224 ;	 function EXTI_GetExtIntSensitivity
                                    225 ;	-----------------------------------------
      0000A9                        226 _EXTI_GetExtIntSensitivity:
                           0000A9   227 	C$stm8s_exti.c$128$2_0$353 ==.
                                    228 ;	../common/STM8S_StdPeriph_Lib/src/stm8s_exti.c: 128: uint8_t value = 0;
      0000A9 4F               [ 1]  229 	clr	a
                           0000AA   230 	C$stm8s_exti.c$133$1_0$353 ==.
                                    231 ;	../common/STM8S_StdPeriph_Lib/src/stm8s_exti.c: 133: switch (Port)
      0000AA 88               [ 1]  232 	push	a
      0000AB 7B 04            [ 1]  233 	ld	a, (0x04, sp)
      0000AD A1 04            [ 1]  234 	cp	a, #0x04
      0000AF 84               [ 1]  235 	pop	a
      0000B0 23 03            [ 2]  236 	jrule	00114$
      0000B2 CCr00rF3         [ 2]  237 	jp	00107$
      0000B5                        238 00114$:
      0000B5 5F               [ 1]  239 	clrw	x
      0000B6 7B 03            [ 1]  240 	ld	a, (0x03, sp)
      0000B8 97               [ 1]  241 	ld	xl, a
      0000B9 58               [ 2]  242 	sllw	x
      0000BA DEu00uBE         [ 2]  243 	ldw	x, (#00115$, x)
      0000BD FC               [ 2]  244 	jp	(x)
      0000BE                        245 00115$:
      0000BEr00rC8                  246 	.dw	#00101$
      0000C0r00rCF                  247 	.dw	#00102$
      0000C2r00rD8                  248 	.dw	#00103$
      0000C4r00rE2                  249 	.dw	#00104$
      0000C6r00rEE                  250 	.dw	#00105$
                           0000C8   251 	C$stm8s_exti.c$135$2_0$354 ==.
                                    252 ;	../common/STM8S_StdPeriph_Lib/src/stm8s_exti.c: 135: case EXTI_PORT_GPIOA:
      0000C8                        253 00101$:
                           0000C8   254 	C$stm8s_exti.c$136$2_0$354 ==.
                                    255 ;	../common/STM8S_StdPeriph_Lib/src/stm8s_exti.c: 136: value = (uint8_t)(EXTI->CR1 & EXTI_CR1_PAIS);
      0000C8 C6 50 A0         [ 1]  256 	ld	a, 0x50a0
      0000CB A4 03            [ 1]  257 	and	a, #0x03
                           0000CD   258 	C$stm8s_exti.c$137$2_0$354 ==.
                                    259 ;	../common/STM8S_StdPeriph_Lib/src/stm8s_exti.c: 137: break;
      0000CD 20 24            [ 2]  260 	jra	00107$
                           0000CF   261 	C$stm8s_exti.c$138$2_0$354 ==.
                                    262 ;	../common/STM8S_StdPeriph_Lib/src/stm8s_exti.c: 138: case EXTI_PORT_GPIOB:
      0000CF                        263 00102$:
                           0000CF   264 	C$stm8s_exti.c$139$2_0$354 ==.
                                    265 ;	../common/STM8S_StdPeriph_Lib/src/stm8s_exti.c: 139: value = (uint8_t)((uint8_t)(EXTI->CR1 & EXTI_CR1_PBIS) >> 2);
      0000CF C6 50 A0         [ 1]  266 	ld	a, 0x50a0
      0000D2 A4 0C            [ 1]  267 	and	a, #0x0c
      0000D4 44               [ 1]  268 	srl	a
      0000D5 44               [ 1]  269 	srl	a
                           0000D6   270 	C$stm8s_exti.c$140$2_0$354 ==.
                                    271 ;	../common/STM8S_StdPeriph_Lib/src/stm8s_exti.c: 140: break;
      0000D6 20 1B            [ 2]  272 	jra	00107$
                           0000D8   273 	C$stm8s_exti.c$141$2_0$354 ==.
                                    274 ;	../common/STM8S_StdPeriph_Lib/src/stm8s_exti.c: 141: case EXTI_PORT_GPIOC:
      0000D8                        275 00103$:
                           0000D8   276 	C$stm8s_exti.c$142$2_0$354 ==.
                                    277 ;	../common/STM8S_StdPeriph_Lib/src/stm8s_exti.c: 142: value = (uint8_t)((uint8_t)(EXTI->CR1 & EXTI_CR1_PCIS) >> 4);
      0000D8 C6 50 A0         [ 1]  278 	ld	a, 0x50a0
      0000DB A4 30            [ 1]  279 	and	a, #0x30
      0000DD 4E               [ 1]  280 	swap	a
      0000DE A4 0F            [ 1]  281 	and	a, #0x0f
                           0000E0   282 	C$stm8s_exti.c$143$2_0$354 ==.
                                    283 ;	../common/STM8S_StdPeriph_Lib/src/stm8s_exti.c: 143: break;
      0000E0 20 11            [ 2]  284 	jra	00107$
                           0000E2   285 	C$stm8s_exti.c$144$2_0$354 ==.
                                    286 ;	../common/STM8S_StdPeriph_Lib/src/stm8s_exti.c: 144: case EXTI_PORT_GPIOD:
      0000E2                        287 00104$:
                           0000E2   288 	C$stm8s_exti.c$145$2_0$354 ==.
                                    289 ;	../common/STM8S_StdPeriph_Lib/src/stm8s_exti.c: 145: value = (uint8_t)((uint8_t)(EXTI->CR1 & EXTI_CR1_PDIS) >> 6);
      0000E2 C6 50 A0         [ 1]  290 	ld	a, 0x50a0
      0000E5 A4 C0            [ 1]  291 	and	a, #0xc0
      0000E7 4E               [ 1]  292 	swap	a
      0000E8 A4 0F            [ 1]  293 	and	a, #0x0f
      0000EA 44               [ 1]  294 	srl	a
      0000EB 44               [ 1]  295 	srl	a
                           0000EC   296 	C$stm8s_exti.c$146$2_0$354 ==.
                                    297 ;	../common/STM8S_StdPeriph_Lib/src/stm8s_exti.c: 146: break;
      0000EC 20 05            [ 2]  298 	jra	00107$
                           0000EE   299 	C$stm8s_exti.c$147$2_0$354 ==.
                                    300 ;	../common/STM8S_StdPeriph_Lib/src/stm8s_exti.c: 147: case EXTI_PORT_GPIOE:
      0000EE                        301 00105$:
                           0000EE   302 	C$stm8s_exti.c$148$2_0$354 ==.
                                    303 ;	../common/STM8S_StdPeriph_Lib/src/stm8s_exti.c: 148: value = (uint8_t)(EXTI->CR2 & EXTI_CR2_PEIS);
      0000EE C6 50 A1         [ 1]  304 	ld	a, 0x50a1
      0000F1 A4 03            [ 1]  305 	and	a, #0x03
                           0000F3   306 	C$stm8s_exti.c$152$1_0$353 ==.
                                    307 ;	../common/STM8S_StdPeriph_Lib/src/stm8s_exti.c: 152: }
      0000F3                        308 00107$:
                           0000F3   309 	C$stm8s_exti.c$154$1_0$353 ==.
                                    310 ;	../common/STM8S_StdPeriph_Lib/src/stm8s_exti.c: 154: return((EXTI_Sensitivity_TypeDef)value);
                           0000F3   311 	C$stm8s_exti.c$155$1_0$353 ==.
                                    312 ;	../common/STM8S_StdPeriph_Lib/src/stm8s_exti.c: 155: }
                           0000F3   313 	C$stm8s_exti.c$155$1_0$353 ==.
                           0000F3   314 	XG$EXTI_GetExtIntSensitivity$0$0 ==.
      0000F3 81               [ 4]  315 	ret
                           0000F4   316 	G$EXTI_GetTLISensitivity$0$0 ==.
                           0000F4   317 	C$stm8s_exti.c$162$1_0$356 ==.
                                    318 ;	../common/STM8S_StdPeriph_Lib/src/stm8s_exti.c: 162: EXTI_TLISensitivity_TypeDef EXTI_GetTLISensitivity(void)
                                    319 ;	-----------------------------------------
                                    320 ;	 function EXTI_GetTLISensitivity
                                    321 ;	-----------------------------------------
      0000F4                        322 _EXTI_GetTLISensitivity:
                           0000F4   323 	C$stm8s_exti.c$167$1_0$356 ==.
                                    324 ;	../common/STM8S_StdPeriph_Lib/src/stm8s_exti.c: 167: value = (uint8_t)(EXTI->CR2 & EXTI_CR2_TLIS);
      0000F4 C6 50 A1         [ 1]  325 	ld	a, 0x50a1
      0000F7 A4 04            [ 1]  326 	and	a, #0x04
                           0000F9   327 	C$stm8s_exti.c$169$1_0$356 ==.
                                    328 ;	../common/STM8S_StdPeriph_Lib/src/stm8s_exti.c: 169: return((EXTI_TLISensitivity_TypeDef)value);
                           0000F9   329 	C$stm8s_exti.c$170$1_0$356 ==.
                                    330 ;	../common/STM8S_StdPeriph_Lib/src/stm8s_exti.c: 170: }
                           0000F9   331 	C$stm8s_exti.c$170$1_0$356 ==.
                           0000F9   332 	XG$EXTI_GetTLISensitivity$0$0 ==.
      0000F9 81               [ 4]  333 	ret
                                    334 	.area CODE
                                    335 	.area CONST
                                    336 	.area INITIALIZER
                                    337 	.area CABS (ABS)
